Component: Arm Compiler for Embedded 6.19 Tool: armlink [5e73cb00]

==============================================================================

Section Cross References

    main.o(.text.main) refers to states.o(.text.create_queues) for create_queues
    main.o(.text.main) refers to states.o(.text.create_semaphores) for create_semaphores
    main.o(.text.main) refers to states.o(.text.create_mutex) for create_mutex
    main.o(.text.main) refers to main.o(.text.driver_task) for driver_task
    main.o(.text.main) refers to main.o(.rodata.str1.1) for .L.str
    main.o(.text.main) refers to tasks.o(.text.xTaskCreate) for xTaskCreate
    main.o(.text.main) refers to main.o(.text.passenger_task) for passenger_task
    main.o(.text.main) refers to main.o(.text.limit_task) for limit_task
    main.o(.text.main) refers to main.o(.text.jam_task) for jam_task
    main.o(.text.main) refers to motordriver.o(.text.motor_module_init) for motor_module_init
    main.o(.text.main) refers to boardporting.o(.text.BOARD_init) for BOARD_init
    main.o(.text.main) refers to tasks.o(.text.vTaskStartScheduler) for vTaskStartScheduler
    main.o(.ARM.exidx.text.main) refers to main.o(.text.main) for [Anonymous Symbol]
    main.o(.text.driver_task) refers to main.o(.bss.driver_semaphore) for driver_semaphore
    main.o(.text.driver_task) refers to queue.o(.text.xQueueSemaphoreTake) for xQueueSemaphoreTake
    main.o(.text.driver_task) refers to main.o(.bss.driver_queue) for driver_queue
    main.o(.text.driver_task) refers to queue.o(.text.xQueueReceive) for xQueueReceive
    main.o(.text.driver_task) refers to main.o(.bss.driver_state) for driver_state
    main.o(.text.driver_task) refers to boardporting.o(.text.driver_up_pressed) for driver_up_pressed
    main.o(.text.driver_task) refers to tasks.o(.text.vTaskDelay) for vTaskDelay
    main.o(.text.driver_task) refers to main.o(.bss.driver_state_mutex) for driver_state_mutex
    main.o(.text.driver_task) refers to queue.o(.text.xQueueGenericSend) for xQueueGenericSend
    main.o(.text.driver_task) refers to main.o(.bss.driver_motor_mutex) for driver_motor_mutex
    main.o(.text.driver_task) refers to motordriver.o(.text.motor1_up) for motor1_up
    main.o(.text.driver_task) refers to motordriver.o(.text.motor1_off) for motor1_off
    main.o(.text.driver_task) refers to boardporting.o(.text.driver_down_pressed) for driver_down_pressed
    main.o(.text.driver_task) refers to motordriver.o(.text.motor1_down) for motor1_down
    main.o(.ARM.exidx.text.driver_task) refers to main.o(.text.driver_task) for [Anonymous Symbol]
    main.o(.text.passenger_task) refers to main.o(.bss.passenger_semaphore) for passenger_semaphore
    main.o(.text.passenger_task) refers to queue.o(.text.xQueueSemaphoreTake) for xQueueSemaphoreTake
    main.o(.text.passenger_task) refers to main.o(.bss.passenger_queue) for passenger_queue
    main.o(.text.passenger_task) refers to queue.o(.text.xQueueReceive) for xQueueReceive
    main.o(.text.passenger_task) refers to main.o(.bss.passenger_state) for passenger_state
    main.o(.text.passenger_task) refers to boardporting.o(.text.passenger_up_pressed) for passenger_up_pressed
    main.o(.text.passenger_task) refers to tasks.o(.text.vTaskDelay) for vTaskDelay
    main.o(.text.passenger_task) refers to main.o(.bss.passenger_state_mutex) for passenger_state_mutex
    main.o(.text.passenger_task) refers to queue.o(.text.xQueueGenericSend) for xQueueGenericSend
    main.o(.text.passenger_task) refers to main.o(.bss.passenger_motor_mutex) for passenger_motor_mutex
    main.o(.text.passenger_task) refers to motordriver.o(.text.motor2_up) for motor2_up
    main.o(.text.passenger_task) refers to motordriver.o(.text.motor2_off) for motor2_off
    main.o(.text.passenger_task) refers to boardporting.o(.text.passenger_down_pressed) for passenger_down_pressed
    main.o(.text.passenger_task) refers to motordriver.o(.text.motor2_down) for motor2_down
    main.o(.ARM.exidx.text.passenger_task) refers to main.o(.text.passenger_task) for [Anonymous Symbol]
    main.o(.text.limit_task) refers to main.o(.bss.limit_semaphore) for limit_semaphore
    main.o(.text.limit_task) refers to queue.o(.text.xQueueSemaphoreTake) for xQueueSemaphoreTake
    main.o(.text.limit_task) refers to main.o(.bss.limit_queue) for limit_queue
    main.o(.text.limit_task) refers to queue.o(.text.xQueueReceive) for xQueueReceive
    main.o(.text.limit_task) refers to main.o(.bss.driver_state) for driver_state
    main.o(.text.limit_task) refers to main.o(.bss.driver_motor_mutex) for driver_motor_mutex
    main.o(.text.limit_task) refers to motordriver.o(.text.motor1_off) for motor1_off
    main.o(.text.limit_task) refers to queue.o(.text.xQueueGenericSend) for xQueueGenericSend
    main.o(.text.limit_task) refers to main.o(.bss.driver_state_mutex) for driver_state_mutex
    main.o(.text.limit_task) refers to main.o(.bss.passenger_state) for passenger_state
[...]
    .ARM.Collect$$libinit$$00000013          0x000002e6   Section        0  libinit2.o(.ARM.Collect$$libinit$$00000013)
    .ARM.Collect$$libinit$$00000015          0x000002e6   Section        0  libinit2.o(.ARM.Collect$$libinit$$00000015)
    .ARM.Collect$$libinit$$00000017          0x000002e6   Section        0  libinit2.o(.ARM.Collect$$libinit$$00000017)
    .ARM.Collect$$libinit$$00000019          0x000002e6   Section        0  libinit2.o(.ARM.Collect$$libinit$$00000019)
    .ARM.Collect$$libinit$$0000001B          0x000002e6   Section        0  libinit2.o(.ARM.Collect$$libinit$$0000001B)
    .ARM.Collect$$libinit$$0000001D          0x000002e6   Section        0  libinit2.o(.ARM.Collect$$libinit$$0000001D)
    .ARM.Collect$$libinit$$0000001F          0x000002e6   Section        0  libinit2.o(.ARM.Collect$$libinit$$0000001F)
    .ARM.Collect$$libinit$$00000021          0x000002e6   Section        0  libinit2.o(.ARM.Collect$$libinit$$00000021)
    .ARM.Collect$$libinit$$00000023          0x000002e6   Section        0  libinit2.o(.ARM.Collect$$libinit$$00000023)
    .ARM.Collect$$libinit$$00000025          0x000002e6   Section        0  libinit2.o(.ARM.Collect$$libinit$$00000025)
    .ARM.Collect$$libinit$$00000027          0x000002e6   Section        0  libinit2.o(.ARM.Collect$$libinit$$00000027)
    .ARM.Collect$$libinit$$0000002E          0x000002e6   Section        0  libinit2.o(.ARM.Collect$$libinit$$0000002E)
    .ARM.Collect$$libinit$$00000030          0x000002e6   Section        0  libinit2.o(.ARM.Collect$$libinit$$00000030)
    .ARM.Collect$$libinit$$00000032          0x000002e6   Section        0  libinit2.o(.ARM.Collect$$libinit$$00000032)
    .ARM.Collect$$libinit$$00000034          0x000002e6   Section        0  libinit2.o(.ARM.Collect$$libinit$$00000034)
    .ARM.Collect$$libinit$$00000035          0x000002e6   Section        2  libinit2.o(.ARM.Collect$$libinit$$00000035)
    .ARM.Collect$$libshutdown$$00000000      0x000002e8   Section        2  libshutdown.o(.ARM.Collect$$libshutdown$$00000000)
    .ARM.Collect$$libshutdown$$00000002      0x000002ea   Section        0  libshutdown2.o(.ARM.Collect$$libshutdown$$00000002)
    .ARM.Collect$$libshutdown$$00000004      0x000002ea   Section        0  libshutdown2.o(.ARM.Collect$$libshutdown$$00000004)
    .ARM.Collect$$libshutdown$$00000007      0x000002ea   Section        0  libshutdown2.o(.ARM.Collect$$libshutdown$$00000007)
    .ARM.Collect$$libshutdown$$0000000A      0x000002ea   Section        0  libshutdown2.o(.ARM.Collect$$libshutdown$$0000000A)
    .ARM.Collect$$libshutdown$$0000000C      0x000002ea   Section        0  libshutdown2.o(.ARM.Collect$$libshutdown$$0000000C)
    .ARM.Collect$$libshutdown$$0000000F      0x000002ea   Section        0  libshutdown2.o(.ARM.Collect$$libshutdown$$0000000F)
    .ARM.Collect$$libshutdown$$00000010      0x000002ea   Section        2  libshutdown2.o(.ARM.Collect$$libshutdown$$00000010)
    .ARM.Collect$$rtentry$$00000000          0x000002ec   Section        0  __rtentry.o(.ARM.Collect$$rtentry$$00000000)
    .ARM.Collect$$rtentry$$00000002          0x000002ec   Section        0  __rtentry2.o(.ARM.Collect$$rtentry$$00000002)
    .ARM.Collect$$rtentry$$00000004          0x000002ec   Section        6  __rtentry4.o(.ARM.Collect$$rtentry$$00000004)
    .ARM.Collect$$rtentry$$00000009          0x000002f2   Section        0  __rtentry2.o(.ARM.Collect$$rtentry$$00000009)
    .ARM.Collect$$rtentry$$0000000A          0x000002f2   Section        4  __rtentry2.o(.ARM.Collect$$rtentry$$0000000A)
    .ARM.Collect$$rtentry$$0000000C          0x000002f6   Section        0  __rtentry2.o(.ARM.Collect$$rtentry$$0000000C)
    .ARM.Collect$$rtentry$$0000000D          0x000002f6   Section        8  __rtentry2.o(.ARM.Collect$$rtentry$$0000000D)
    .ARM.Collect$$rtexit$$00000000           0x000002fe   Section        2  rtexit.o(.ARM.Collect$$rtexit$$00000000)
    .ARM.Collect$$rtexit$$00000002           0x00000300   Section        0  rtexit2.o(.ARM.Collect$$rtexit$$00000002)
    .ARM.Collect$$rtexit$$00000003           0x00000300   Section        4  rtexit2.o(.ARM.Collect$$rtexit$$00000003)
    .ARM.Collect$$rtexit$$00000004           0x00000304   Section        6  rtexit2.o(.ARM.Collect$$rtexit$$00000004)
    $v0                                      0x0000030c   Number         0  startup_tm4c123.o(.text)
    .text                                    0x0000030c   Section      276  startup_tm4c123.o(.text)
    .text                                    0x00000420   Section      138  rt_memcpy_v6.o(.text)
    .text                                    0x000004aa   Section       16  aeabi_memset4.o(.text)
    .text                                    0x000004ba   Section       68  rt_memclr.o(.text)
    .text                                    0x000004fe   Section        0  heapauxi.o(.text)
    .text                                    0x00000504   Section      100  rt_memcpy_w.o(.text)
    .text                                    0x00000568   Section       78  rt_memclr_w.o(.text)
    .text                                    0x000005b6   Section       74  sys_stackheap_outer.o(.text)
    .text                                    0x00000600   Section        0  exit.o(.text)
    .text                                    0x00000614   Section        8  libspace.o(.text)
    .text                                    0x0000061c   Section        0  sys_exit.o(.text)
    .text                                    0x00000628   Section        2  use_no_semi.o(.text)
    .text                                    0x0000062a   Section        0  indicate_semi.o(.text)
    [Anonymous Symbol]                       0x0000062c   Section        0  boardporting.o(.text.BOARD_init)
    [Anonymous Symbol]                       0x00000640   Section        0  dio.o(.text.DIO_Init)
    [Anonymous Symbol]                       0x000009ec   Section        0  dio.o(.text.DIO_WritePin)
    [Anonymous Symbol]                       0x00000b68   Section        0  boardporting.o(.text.GPIOA_Handler)
    [Anonymous Symbol]                       0x00000ca0   Section        0  boardporting.o(.text.GPIOC_Handler)
    [Anonymous Symbol]                       0x00000d74   Section        0  boardporting.o(.text.GPIOD_Handler)
    [Anonymous Symbol]                       0x00000ef0   Section        0  boardporting.o(.text.GPIOE_Handler)
    [Anonymous Symbol]                       0x00000fe8   Section        0  boardporting.o(.text.PORTA_init)
    [Anonymous Symbol]                       0x000010a0   Section        0  boardporting.o(.text.PORTC_init)
    [Anonymous Symbol]                       0x00001128   Section        0  boardporting.o(.text.PORTD_init)
    [Anonymous Symbol]                       0x000011c4   Section        0  boardporting.o(.text.PORTE_init)
    [Anonymous Symbol]                       0x00001260   Section        0  port.o(.text.PendSV_Handler)
    pxCurrentTCBConst                        0x000012c0   Number         0  port.o(.text.PendSV_Handler)
    [Anonymous Symbol]                       0x000012d0   Section        0  port.o(.text.SVC_Handler)
    pxCurrentTCBConst2                       0x000012f0   Number         0  port.o(.text.SVC_Handler)
    [Anonymous Symbol]                       0x000012f4   Section        0  port.o(.text.SysTick_Handler)
    [Anonymous Symbol]                       0x00001330   Section        0  system_tm4c123.o(.text.SystemInit)
    [Anonymous Symbol]                       0x0000143c   Section        0  motordriver.o(.text.config_PWM_MOTOR)
    [Anonymous Symbol]                       0x0000153c   Section        0  states.o(.text.create_mutex)
    [Anonymous Symbol]                       0x000015c8   Section        0  states.o(.text.create_queues)
    [Anonymous Symbol]                       0x00001664   Section        0  states.o(.text.create_semaphores)
    [Anonymous Symbol]                       0x000016f8   Section        0  boardporting.o(.text.driver_down_pressed)
    [Anonymous Symbol]                       0x00001724   Section        0  main.o(.text.driver_task)
    [Anonymous Symbol]                       0x00001a74   Section        0  boardporting.o(.text.driver_up_pressed)
    [Anonymous Symbol]                       0x00001aa0   Section        0  tasks.o(.text.eTaskConfirmSleepModeStatus)
    [Anonymous Symbol]                       0x00001b20   Section        0  main.o(.text.jam_task)
    [Anonymous Symbol]                       0x00001c88   Section        0  main.o(.text.limit_task)
    [Anonymous Symbol]                       0x00001eb4   Section        0  main.o(.text.main)
    [Anonymous Symbol]                       0x00001f60   Section        0  motordriver.o(.text.motor1_down)
    [Anonymous Symbol]                       0x00001f80   Section        0  motordriver.o(.text.motor1_off)
    [Anonymous Symbol]                       0x00001fa0   Section        0  motordriver.o(.text.motor1_up)
    [Anonymous Symbol]                       0x00001fc0   Section        0  motordriver.o(.text.motor2_down)
    [Anonymous Symbol]                       0x00001fe0   Section        0  motordriver.o(.text.motor2_off)
    [Anonymous Symbol]                       0x00002000   Section        0  motordriver.o(.text.motor2_up)
    [Anonymous Symbol]                       0x00002020   Section        0  motordriver.o(.text.motor_module_init)
    [Anonymous Symbol]                       0x0000202c   Section        0  boardporting.o(.text.off_switch)
    [Anonymous Symbol]                       0x0000204c   Section        0  boardporting.o(.text.on_switch)
    [Anonymous Symbol]                       0x00002070   Section        0  boardporting.o(.text.passenger_down_pressed)
    [Anonymous Symbol]                       0x000020b0   Section        0  main.o(.text.passenger_task)
    [Anonymous Symbol]                       0x00002404   Section        0  boardporting.o(.text.passenger_up_pressed)
    [Anonymous Symbol]                       0x00002444   Section        0  motordriver.o(.text.port_init)
    prvAddCurrentTaskToDelayedList           0x00002479   Thumb Code   290  tasks.o(.text.prvAddCurrentTaskToDelayedList)
    [Anonymous Symbol]                       0x00002478   Section        0  tasks.o(.text.prvAddCurrentTaskToDelayedList)
    prvAddNewTaskToReadyList                 0x0000259d   Thumb Code   340  tasks.o(.text.prvAddNewTaskToReadyList)
    [Anonymous Symbol]                       0x0000259c   Section        0  tasks.o(.text.prvAddNewTaskToReadyList)
    prvCheckTasksWaitingTermination          0x000026f1   Thumb Code    90  tasks.o(.text.prvCheckTasksWaitingTermination)
    [Anonymous Symbol]                       0x000026f0   Section        0  tasks.o(.text.prvCheckTasksWaitingTermination)
    prvCopyDataFromQueue                     0x0000274d   Thumb Code    66  queue.o(.text.prvCopyDataFromQueue)
    [Anonymous Symbol]                       0x0000274c   Section        0  queue.o(.text.prvCopyDataFromQueue)
    prvCopyDataToQueue                       0x00002791   Thumb Code   204  queue.o(.text.prvCopyDataToQueue)
    [Anonymous Symbol]                       0x00002790   Section        0  queue.o(.text.prvCopyDataToQueue)
    prvDeleteTCB                             0x0000285d   Thumb Code    24  tasks.o(.text.prvDeleteTCB)
    [Anonymous Symbol]                       0x0000285c   Section        0  tasks.o(.text.prvDeleteTCB)
    prvGetDisinheritPriorityAfterTimeout     0x00002875   Thumb Code    38  queue.o(.text.prvGetDisinheritPriorityAfterTimeout)
    [Anonymous Symbol]                       0x00002874   Section        0  queue.o(.text.prvGetDisinheritPriorityAfterTimeout)
    prvGetExpectedIdleTime                   0x0000289d   Thumb Code   124  tasks.o(.text.prvGetExpectedIdleTime)
    [Anonymous Symbol]                       0x0000289c   Section        0  tasks.o(.text.prvGetExpectedIdleTime)
    prvHeapInit                              0x00002919   Thumb Code   174  heap_4.o(.text.prvHeapInit)
    [Anonymous Symbol]                       0x00002918   Section        0  heap_4.o(.text.prvHeapInit)
    prvIdleTask                              0x000029c9   Thumb Code   154  tasks.o(.text.prvIdleTask)
    [Anonymous Symbol]                       0x000029c8   Section        0  tasks.o(.text.prvIdleTask)
    prvInitialiseMutex                       0x00002a65   Thumb Code    44  queue.o(.text.prvInitialiseMutex)
    [Anonymous Symbol]                       0x00002a64   Section        0  queue.o(.text.prvInitialiseMutex)
    prvInitialiseNewQueue                    0x00002a91   Thumb Code    78  queue.o(.text.prvInitialiseNewQueue)
    [Anonymous Symbol]                       0x00002a90   Section        0  queue.o(.text.prvInitialiseNewQueue)
    prvInitialiseNewTask                     0x00002ae1   Thumb Code   292  tasks.o(.text.prvInitialiseNewTask)
    [Anonymous Symbol]                       0x00002ae0   Section        0  tasks.o(.text.prvInitialiseNewTask)
    prvInitialiseTaskLists                   0x00002c05   Thumb Code   142  tasks.o(.text.prvInitialiseTaskLists)
    [Anonymous Symbol]                       0x00002c04   Section        0  tasks.o(.text.prvInitialiseTaskLists)
    prvInsertBlockIntoFreeList               0x00002c95   Thumb Code   198  heap_4.o(.text.prvInsertBlockIntoFreeList)
    [Anonymous Symbol]                       0x00002c94   Section        0  heap_4.o(.text.prvInsertBlockIntoFreeList)
    prvIsQueueEmpty                          0x00002d5d   Thumb Code    40  queue.o(.text.prvIsQueueEmpty)
    [Anonymous Symbol]                       0x00002d5c   Section        0  queue.o(.text.prvIsQueueEmpty)
    prvIsQueueFull                           0x00002d85   Thumb Code    46  queue.o(.text.prvIsQueueFull)
    [Anonymous Symbol]                       0x00002d84   Section        0  queue.o(.text.prvIsQueueFull)
    prvNotifyQueueSetContainer               0x00002db5   Thumb Code   236  queue.o(.text.prvNotifyQueueSetContainer)
    [Anonymous Symbol]                       0x00002db4   Section        0  queue.o(.text.prvNotifyQueueSetContainer)
    prvPortStartFirstTask                    0x00002ea1   Thumb Code    40  port.o(.text.prvPortStartFirstTask)
    [Anonymous Symbol]                       0x00002ea0   Section        0  port.o(.text.prvPortStartFirstTask)
    prvResetNextTaskUnblockTime              0x00002ec9   Thumb Code    60  tasks.o(.text.prvResetNextTaskUnblockTime)
    [Anonymous Symbol]                       0x00002ec8   Section        0  tasks.o(.text.prvResetNextTaskUnblockTime)
    prvTaskExitError                         0x00002f05   Thumb Code    76  port.o(.text.prvTaskExitError)
    [Anonymous Symbol]                       0x00002f04   Section        0  port.o(.text.prvTaskExitError)
    prvUnlockQueue                           0x00002f51   Thumb Code   204  queue.o(.text.prvUnlockQueue)
    [Anonymous Symbol]                       0x00002f50   Section        0  queue.o(.text.prvUnlockQueue)
    [Anonymous Symbol]                       0x0000301c   Section        0  heap_4.o(.text.pvPortMalloc)
    [Anonymous Symbol]                       0x000031e4   Section        0  tasks.o(.text.pvTaskIncrementMutexHeldCount)
    [Anonymous Symbol]                       0x00003210   Section        0  port.o(.text.pxPortInitialiseStack)
    [Anonymous Symbol]                       0x00003270   Section        0  list.o(.text.uxListRemove)
    [Anonymous Symbol]                       0x000032b8   Section        0  tasks.o(.text.uxTaskGetNumberOfTasks)
    [Anonymous Symbol]                       0x000032c4   Section        0  list.o(.text.vListInitialise)
    [Anonymous Symbol]                       0x000032f4   Section        0  list.o(.text.vListInitialiseItem)
    [Anonymous Symbol]                       0x00003304   Section        0  list.o(.text.vListInsert)
    vPortEnableVFP                           0x00003371   Thumb Code    20  port.o(.text.vPortEnableVFP)
    [Anonymous Symbol]                       0x00003370   Section        0  port.o(.text.vPortEnableVFP)
    [Anonymous Symbol]                       0x00003384   Section        0  port.o(.text.vPortEnterCritical)
    [Anonymous Symbol]                       0x000033dc   Section        0  port.o(.text.vPortExitCritical)
    [Anonymous Symbol]                       0x00003428   Section        0  heap_4.o(.text.vPortFree)
    [Anonymous Symbol]                       0x000034e4   Section        0  port.o(.text.vPortSetupTimerInterrupt)
    [Anonymous Symbol]                       0x0000355c   Section        0  port.o(.text.vPortSuppressTicksAndSleep)
    [Anonymous Symbol]                       0x0000377c   Section        0  port.o(.text.vPortValidateInterruptPriority)
    [Anonymous Symbol]                       0x00003800   Section        0  tasks.o(.text.vTaskDelay)
    [Anonymous Symbol]                       0x00003870   Section        0  tasks.o(.text.vTaskInternalSetTimeOutState)
    [Anonymous Symbol]                       0x00003894   Section        0  tasks.o(.text.vTaskMissedYield)
    [Anonymous Symbol]                       0x000038a4   Section        0  tasks.o(.text.vTaskPlaceOnEventList)
    [Anonymous Symbol]                       0x000038e8   Section        0  tasks.o(.text.vTaskPriorityDisinheritAfterTimeout)
    [Anonymous Symbol]                       0x00003a6c   Section        0  tasks.o(.text.vTaskStartScheduler)
    [Anonymous Symbol]                       0x00003b10   Section        0  tasks.o(.text.vTaskStepTick)
    [Anonymous Symbol]                       0x00003bdc   Section        0  tasks.o(.text.vTaskSuspendAll)
    __tagsym$$used.0                         0x00003bec   Number         0  tasks.o(.text.vTaskSwitchContext)
    [Anonymous Symbol]                       0x00003bec   Section        0  tasks.o(.text.vTaskSwitchContext)
    [Anonymous Symbol]                       0x00003cac   Section        0  port.o(.text.xPortStartScheduler)
    [Anonymous Symbol]                       0x00003e28   Section        0  queue.o(.text.xQueueCreateCountingSemaphore)
    [Anonymous Symbol]                       0x00003e88   Section        0  queue.o(.text.xQueueCreateMutex)
    [Anonymous Symbol]                       0x00003eb0   Section        0  queue.o(.text.xQueueGenericCreate)
    [Anonymous Symbol]                       0x00003f4c   Section        0  queue.o(.text.xQueueGenericReset)
    [Anonymous Symbol]                       0x00004054   Section        0  queue.o(.text.xQueueGenericSend)
    [Anonymous Symbol]                       0x000042c8   Section        0  queue.o(.text.xQueueGenericSendFromISR)
    [Anonymous Symbol]                       0x00004484   Section        0  queue.o(.text.xQueueGiveFromISR)
    [Anonymous Symbol]                       0x00004608   Section        0  queue.o(.text.xQueueReceive)
    [Anonymous Symbol]                       0x000047e4   Section        0  queue.o(.text.xQueueSemaphoreTake)
    [Anonymous Symbol]                       0x000049f4   Section        0  tasks.o(.text.xTaskCheckForTimeOut)
    [Anonymous Symbol]                       0x00004af0   Section        0  tasks.o(.text.xTaskCreate)
    [Anonymous Symbol]                       0x00004b90   Section        0  tasks.o(.text.xTaskGetSchedulerState)
    [Anonymous Symbol]                       0x00004bc8   Section        0  tasks.o(.text.xTaskIncrementTick)
    [Anonymous Symbol]                       0x00004e28   Section        0  tasks.o(.text.xTaskPriorityDisinherit)
    [Anonymous Symbol]                       0x00004f60   Section        0  tasks.o(.text.xTaskPriorityInherit)
    [Anonymous Symbol]                       0x000050bc   Section        0  tasks.o(.text.xTaskRemoveFromEventList)
    [Anonymous Symbol]                       0x00005250   Section        0  tasks.o(.text.xTaskResumeAll)
    $v0                                      0x00005472   Number         0  fpinit.o(x$fpl$fpinit)
    x$fpl$fpinit                             0x00005472   Section       26  fpinit.o(x$fpl$fpinit)
    .L.str.3                                 0x0000548c   Data           4  main.o(.rodata.str1.1)
    [Anonymous Symbol]                       0x0000548c   Section        0  main.o(.rodata.str1.1)
    .L.str.1                                 0x00005490   Data          10  main.o(.rodata.str1.1)
    .L.str                                   0x0000549a   Data           7  main.o(.rodata.str1.1)
    .L.str.2                                 0x000054a1   Data           6  main.o(.rodata.str1.1)
    .L.str                                   0x000054a7   Data           5  tasks.o(.rodata.str1.1)
    [Anonymous Symbol]                       0x000054a7   Section        0  tasks.o(.rodata.str1.1)
    uxCriticalNesting                        0x20000004   Data           4  port.o(.data.uxCriticalNesting)
    [Anonymous Symbol]                       0x20000004   Section        0  port.o(.data.uxCriticalNesting)
    .bss                                     0x20000008   Section       96  libspace.o(.bss)
    __tagsym$$used.1                         0x200000a0   Number         0  tasks.o(.bss.pxCurrentTCB)
    pxDelayedTaskList                        0x200000a4   Data           4  tasks.o(.bss.pxDelayedTaskList)
    [Anonymous Symbol]                       0x200000a4   Section        0  tasks.o(.bss.pxDelayedTaskList)
    pxEnd                                    0x200000a8   Data           4  heap_4.o(.bss.pxEnd)
    [Anonymous Symbol]                       0x200000a8   Section        0  heap_4.o(.bss.pxEnd)
    pxOverflowDelayedTaskList                0x200000ac   Data           4  tasks.o(.bss.pxOverflowDelayedTaskList)
    [Anonymous Symbol]                       0x200000ac   Section        0  tasks.o(.bss.pxOverflowDelayedTaskList)
    pxReadyTasksLists                        0x200000b0   Data         220  tasks.o(.bss.pxReadyTasksLists)
    [Anonymous Symbol]                       0x200000b0   Section        0  tasks.o(.bss.pxReadyTasksLists)
    ucHeap                                   0x2000018c   Data       16384  heap_4.o(.bss.ucHeap)
    [Anonymous Symbol]                       0x2000018c   Section        0  heap_4.o(.bss.ucHeap)
    ucMaxSysCallPriority                     0x2000418c   Data           1  port.o(.bss.ucMaxSysCallPriority)
    [Anonymous Symbol]                       0x2000418c   Section        0  port.o(.bss.ucMaxSysCallPriority)
    ulMaxPRIGROUPValue                       0x20004190   Data           4  port.o(.bss.ulMaxPRIGROUPValue)
    [Anonymous Symbol]                       0x20004190   Section        0  port.o(.bss.ulMaxPRIGROUPValue)
    ulStoppedTimerCompensation               0x20004194   Data           4  port.o(.bss.ulStoppedTimerCompensation)
    [Anonymous Symbol]                       0x20004194   Section        0  port.o(.bss.ulStoppedTimerCompensation)
    ulTimerCountsForOneTick                  0x20004198   Data           4  port.o(.bss.ulTimerCountsForOneTick)
    [Anonymous Symbol]                       0x20004198   Section        0  port.o(.bss.ulTimerCountsForOneTick)
    uxCurrentNumberOfTasks                   0x2000419c   Data           4  tasks.o(.bss.uxCurrentNumberOfTasks)
    [Anonymous Symbol]                       0x2000419c   Section        0  tasks.o(.bss.uxCurrentNumberOfTasks)
    uxDeletedTasksWaitingCleanUp             0x200041a0   Data           4  tasks.o(.bss.uxDeletedTasksWaitingCleanUp)
    [Anonymous Symbol]                       0x200041a0   Section        0  tasks.o(.bss.uxDeletedTasksWaitingCleanUp)
    uxSchedulerSuspended                     0x200041a4   Data           4  tasks.o(.bss.uxSchedulerSuspended)
    [Anonymous Symbol]                       0x200041a4   Section        0  tasks.o(.bss.uxSchedulerSuspended)
    uxTaskNumber                             0x200041a8   Data           4  tasks.o(.bss.uxTaskNumber)
    [Anonymous Symbol]                       0x200041a8   Section        0  tasks.o(.bss.uxTaskNumber)
    uxTopReadyPriority                       0x200041ac   Data           4  tasks.o(.bss.uxTopReadyPriority)
    [Anonymous Symbol]                       0x200041ac   Section        0  tasks.o(.bss.uxTopReadyPriority)
    xDelayedTaskList1                        0x200041b0   Data          20  tasks.o(.bss.xDelayedTaskList1)
    [Anonymous Symbol]                       0x200041b0   Section        0  tasks.o(.bss.xDelayedTaskList1)
    xDelayedTaskList2                        0x200041c4   Data          20  tasks.o(.bss.xDelayedTaskList2)
    [Anonymous Symbol]                       0x200041c4   Section        0  tasks.o(.bss.xDelayedTaskList2)
    xFreeBytesRemaining                      0x200041d8   Data           4  heap_4.o(.bss.xFreeBytesRemaining)
    [Anonymous Symbol]                       0x200041d8   Section        0  heap_4.o(.bss.xFreeBytesRemaining)
    xIdleTaskHandle                          0x200041dc   Data           4  tasks.o(.bss.xIdleTaskHandle)
    [Anonymous Symbol]                       0x200041dc   Section        0  tasks.o(.bss.xIdleTaskHandle)
    xMaximumPossibleSuppressedTicks          0x200041e0   Data           4  port.o(.bss.xMaximumPossibleSuppressedTicks)
    [Anonymous Symbol]                       0x200041e0   Section        0  port.o(.bss.xMaximumPossibleSuppressedTicks)
    xMinimumEverFreeBytesRemaining           0x200041e4   Data           4  heap_4.o(.bss.xMinimumEverFreeBytesRemaining)
    [Anonymous Symbol]                       0x200041e4   Section        0  heap_4.o(.bss.xMinimumEverFreeBytesRemaining)
    xNextTaskUnblockTime                     0x200041e8   Data           4  tasks.o(.bss.xNextTaskUnblockTime)
    [Anonymous Symbol]                       0x200041e8   Section        0  tasks.o(.bss.xNextTaskUnblockTime)
    xNumOfOverflows                          0x200041ec   Data           4  tasks.o(.bss.xNumOfOverflows)
    [Anonymous Symbol]                       0x200041ec   Section        0  tasks.o(.bss.xNumOfOverflows)
    xNumberOfSuccessfulAllocations           0x200041f0   Data           4  heap_4.o(.bss.xNumberOfSuccessfulAllocations)
    [Anonymous Symbol]                       0x200041f0   Section        0  heap_4.o(.bss.xNumberOfSuccessfulAllocations)
    xNumberOfSuccessfulFrees                 0x200041f4   Data           4  heap_4.o(.bss.xNumberOfSuccessfulFrees)
    [Anonymous Symbol]                       0x200041f4   Section        0  heap_4.o(.bss.xNumberOfSuccessfulFrees)
    xPendedTicks                             0x200041f8   Data           4  tasks.o(.bss.xPendedTicks)
    [Anonymous Symbol]                       0x200041f8   Section        0  tasks.o(.bss.xPendedTicks)
    xPendingReadyList                        0x200041fc   Data          20  tasks.o(.bss.xPendingReadyList)
    [Anonymous Symbol]                       0x200041fc   Section        0  tasks.o(.bss.xPendingReadyList)
    xSchedulerRunning                        0x20004210   Data           4  tasks.o(.bss.xSchedulerRunning)
    [Anonymous Symbol]                       0x20004210   Section        0  tasks.o(.bss.xSchedulerRunning)
    xStart                                   0x20004214   Data           8  heap_4.o(.bss.xStart)
    [Anonymous Symbol]                       0x20004214   Section        0  heap_4.o(.bss.xStart)
    xSuspendedTaskList                       0x2000421c   Data          20  tasks.o(.bss.xSuspendedTaskList)
    [Anonymous Symbol]                       0x2000421c   Section        0  tasks.o(.bss.xSuspendedTaskList)
    xTasksWaitingTermination                 0x20004230   Data          20  tasks.o(.bss.xTasksWaitingTermination)
    [Anonymous Symbol]                       0x20004230   Section        0  tasks.o(.bss.xTasksWaitingTermination)
    xTickCount                               0x20004244   Data           4  tasks.o(.bss.xTickCount)
    [Anonymous Symbol]                       0x20004244   Section        0  tasks.o(.bss.xTickCount)
    xYieldPending                            0x20004248   Data           4  tasks.o(.bss.xYieldPending)
    [Anonymous Symbol]                       0x20004248   Section        0  tasks.o(.bss.xYieldPending)
    Heap_Mem                                 0x20004250   Data           0  startup_tm4c123.o(HEAP)
    Stack_Mem                                0x20004250   Data         512  startup_tm4c123.o(STACK)
    HEAP                                     0x20004250   Section        0  startup_tm4c123.o(HEAP)
    STACK                                    0x20004250   Section      512  startup_tm4c123.o(STACK)
    __initial_sp                             0x20004450   Data           0  startup_tm4c123.o(STACK)

    Global Symbols

    Symbol Name                              Value     Ov Type        Size  Object(Section)

    BuildAttributes$$THM_ISAv4$E$P$D$K$B$S$7EM$VFPi3$EXTD16$VFPS$VFMA$PE$A:L22UL41UL21$X:L11$S22US41US21$IEEE1$IW$~IW$USESV6$~STKCKD$USESV7$~SHL$OSPACE$ROPI$EBA8$UX$STANDARDLIB$REQ8$PRES8$EABIv2 0x00000000   Number         0  anon$$obj.o ABSOLUTE
    __Vectors                                0x00000000   Data           4  startup_tm4c123.o(RESET)
    __ARM_exceptions_init                     - Undefined Weak Reference
    __alloca_initialize                       - Undefined Weak Reference
    __arm_preinit_                            - Undefined Weak Reference
    __arm_relocate_pie_                       - Undefined Weak Reference
    __cpp_initialize__aeabi_                  - Undefined Weak Reference
    __cxa_finalize                            - Undefined Weak Reference
    __rt_locale                               - Undefined Weak Reference
    __sigvec_lookup                           - Undefined Weak Reference
    _atexit_init                              - Undefined Weak Reference
    _call_atexit_fns                          - Undefined Weak Reference
    _clock_init                               - Undefined Weak Reference
    _fp_trap_init                             - Undefined Weak Reference
    _fp_trap_shutdown                         - Undefined Weak Reference
    _get_lc_collate                           - Undefined Weak Reference
    _get_lc_ctype                             - Undefined Weak Reference
    _get_lc_monetary                          - Undefined Weak Reference
    _get_lc_numeric                           - Undefined Weak Reference
    _get_lc_time                              - Undefined Weak Reference
    _getenv_init                              - Undefined Weak Reference
    _handle_redirection                       - Undefined Weak Reference
    _init_alloc                               - Undefined Weak Reference
    _init_user_alloc                          - Undefined Weak Reference
    _initio                                   - Undefined Weak Reference
    _rand_init                                - Undefined Weak Reference
    _signal_finish                            - Undefined Weak Reference
    _signal_init                              - Undefined Weak Reference
    _terminate_alloc                          - Undefined Weak Reference
    _terminate_user_alloc                     - Undefined Weak Reference
    _terminateio                              - Undefined Weak Reference
    __Vectors_End                            0x0000026c   Data           0  startup_tm4c123.o(RESET)
    __Vectors_Size                           0x0000026c   Number         0  startup_tm4c123.o ABSOLUTE
    __main                                   0x0000026d   Thumb Code     8  __main.o(!!!main)
    __scatterload                            0x00000275   Thumb Code     0  __scatter.o(!!!scatter)
    __scatterload_rt2                        0x00000275   Thumb Code    44  __scatter.o(!!!scatter)
    __scatterload_rt2_thumb_only             0x00000275   Thumb Code     0  __scatter.o(!!!scatter)
    __scatterload_null                       0x00000283   Thumb Code     0  __scatter.o(!!!scatter)
    __scatterload_copy                       0x000002a9   Thumb Code    26  __scatter_copy.o(!!handler_copy)
    __scatterload_zeroinit                   0x000002c5   Thumb Code    28  __scatter_zi.o(!!handler_zi)
    __rt_lib_init                            0x000002e1   Thumb Code     0  libinit.o(.ARM.Collect$$libinit$$00000000)
    __rt_lib_init_fp_1                       0x000002e3   Thumb Code     0  libinit2.o(.ARM.Collect$$libinit$$00000001)
    __rt_lib_init_alloca_1                   0x000002e7   Thumb Code     0  libinit2.o(.ARM.Collect$$libinit$$00000030)
    __rt_lib_init_argv_1                     0x000002e7   Thumb Code     0  libinit2.o(.ARM.Collect$$libinit$$0000002E)
    __rt_lib_init_atexit_1                   0x000002e7   Thumb Code     0  libinit2.o(.ARM.Collect$$libinit$$0000001D)
    __rt_lib_init_clock_1                    0x000002e7   Thumb Code     0  libinit2.o(.ARM.Collect$$libinit$$00000023)
    __rt_lib_init_cpp_1                      0x000002e7   Thumb Code     0  libinit2.o(.ARM.Collect$$libinit$$00000034)
    __rt_lib_init_exceptions_1               0x000002e7   Thumb Code     0  libinit2.o(.ARM.Collect$$libinit$$00000032)
    __rt_lib_init_fp_trap_1                  0x000002e7   Thumb Code     0  libinit2.o(.ARM.Collect$$libinit$$00000021)
    __rt_lib_init_getenv_1                   0x000002e7   Thumb Code     0  libinit2.o(.ARM.Collect$$libinit$$00000025)
    __rt_lib_init_heap_1                     0x000002e7   Thumb Code     0  libinit2.o(.ARM.Collect$$libinit$$0000000C)
    __rt_lib_init_lc_collate_1               0x000002e7   Thumb Code     0  libinit2.o(.ARM.Collect$$libinit$$00000013)
    __rt_lib_init_lc_ctype_1                 0x000002e7   Thumb Code     0  libinit2.o(.ARM.Collect$$libinit$$00000015)
    __rt_lib_init_lc_monetary_1              0x000002e7   Thumb Code     0  libinit2.o(.ARM.Collect$$libinit$$00000017)
    __rt_lib_init_lc_numeric_1               0x000002e7   Thumb Code     0  libinit2.o(.ARM.Collect$$libinit$$00000019)
    __rt_lib_init_lc_time_1                  0x000002e7   Thumb Code     0  libinit2.o(.ARM.Collect$$libinit$$0000001B)
    __rt_lib_init_preinit_1                  0x000002e7   Thumb Code     0  libinit2.o(.ARM.Collect$$libinit$$00000006)
    __rt_lib_init_rand_1                     0x000002e7   Thumb Code     0  libinit2.o(.ARM.Collect$$libinit$$00000010)
    __rt_lib_init_relocate_pie_1             0x000002e7   Thumb Code     0  libinit2.o(.ARM.Collect$$libinit$$00000004)
    __rt_lib_init_return                     0x000002e7   Thumb Code     0  libinit2.o(.ARM.Collect$$libinit$$00000035)
    __rt_lib_init_signal_1                   0x000002e7   Thumb Code     0  libinit2.o(.ARM.Collect$$libinit$$0000001F)
    __rt_lib_init_stdio_1                    0x000002e7   Thumb Code     0  libinit2.o(.ARM.Collect$$libinit$$00000027)
    __rt_lib_init_user_alloc_1               0x000002e7   Thumb Code     0  libinit2.o(.ARM.Collect$$libinit$$0000000E)
    __rt_lib_shutdown                        0x000002e9   Thumb Code     0  libshutdown.o(.ARM.Collect$$libshutdown$$00000000)
    __rt_lib_shutdown_cpp_1                  0x000002eb   Thumb Code     0  libshutdown2.o(.ARM.Collect$$libshutdown$$00000002)
    __rt_lib_shutdown_fp_trap_1              0x000002eb   Thumb Code     0  libshutdown2.o(.ARM.Collect$$libshutdown$$00000007)
    __rt_lib_shutdown_heap_1                 0x000002eb   Thumb Code     0  libshutdown2.o(.ARM.Collect$$libshutdown$$0000000F)
    __rt_lib_shutdown_return                 0x000002eb   Thumb Code     0  libshutdown2.o(.ARM.Collect$$libshutdown$$00000010)
    __rt_lib_shutdown_signal_1               0x000002eb   Thumb Code     0  libshutdown2.o(.ARM.Collect$$libshutdown$$0000000A)
    __rt_lib_shutdown_stdio_1                0x000002eb   Thumb Code     0  libshutdown2.o(.ARM.Collect$$libshutdown$$00000004)
    __rt_lib_shutdown_user_alloc_1           0x000002eb   Thumb Code     0  libshutdown2.o(.ARM.Collect$$libshutdown$$0000000C)
    __rt_entry                               0x000002ed   Thumb Code     0  __rtentry.o(.ARM.Collect$$rtentry$$00000000)
    __rt_entry_presh_1                       0x000002ed   Thumb Code     0  __rtentry2.o(.ARM.Collect$$rtentry$$00000002)
    __rt_entry_sh                            0x000002ed   Thumb Code     0  __rtentry4.o(.ARM.Collect$$rtentry$$00000004)
    __rt_entry_li                            0x000002f3   Thumb Code     0  __rtentry2.o(.ARM.Collect$$rtentry$$0000000A)
    __rt_entry_postsh_1                      0x000002f3   Thumb Code     0  __rtentry2.o(.ARM.Collect$$rtentry$$00000009)
    __rt_entry_main                          0x000002f7   Thumb Code     0  __rtentry2.o(.ARM.Collect$$rtentry$$0000000D)
    __rt_entry_postli_1                      0x000002f7   Thumb Code     0  __rtentry2.o(.ARM.Collect$$rtentry$$0000000C)
    __rt_exit                                0x000002ff   Thumb Code     0  rtexit.o(.ARM.Collect$$rtexit$$00000000)
    __rt_exit_ls                             0x00000301   Thumb Code     0  rtexit2.o(.ARM.Collect$$rtexit$$00000003)
    __rt_exit_prels_1                        0x00000301   Thumb Code     0  rtexit2.o(.ARM.Collect$$rtexit$$00000002)
    __rt_exit_exit                           0x00000305   Thumb Code     0  rtexit2.o(.ARM.Collect$$rtexit$$00000004)
    Reset_Handler                            0x0000030d   Thumb Code     8  startup_tm4c123.o(.text)
    NMI_Handler                              0x00000315   Thumb Code     2  startup_tm4c123.o(.text)
    HardFault_Handler                        0x00000317   Thumb Code     2  startup_tm4c123.o(.text)
    MemManage_Handler                        0x00000319   Thumb Code     2  startup_tm4c123.o(.text)
    BusFault_Handler                         0x0000031b   Thumb Code     2  startup_tm4c123.o(.text)
    UsageFault_Handler                       0x0000031d   Thumb Code     2  startup_tm4c123.o(.text)
    DebugMon_Handler                         0x00000321   Thumb Code     2  startup_tm4c123.o(.text)
    GPIOB_Handler                            0x00000329   Thumb Code     2  startup_tm4c123.o(.text)
    UART0_Handler                            0x00000331   Thumb Code     2  startup_tm4c123.o(.text)
    UART1_Handler                            0x00000333   Thumb Code     2  startup_tm4c123.o(.text)
    SSI0_Handler                             0x00000335   Thumb Code     2  startup_tm4c123.o(.text)
    I2C0_Handler                             0x00000337   Thumb Code     2  startup_tm4c123.o(.text)
    PMW0_FAULT_Handler                       0x00000339   Thumb Code     2  startup_tm4c123.o(.text)
    PWM0_0_Handler                           0x0000033b   Thumb Code     2  startup_tm4c123.o(.text)
    PWM0_1_Handler                           0x0000033d   Thumb Code     2  startup_tm4c123.o(.text)
    PWM0_2_Handler                           0x0000033f   Thumb Code     2  startup_tm4c123.o(.text)
    QEI0_Handler                             0x00000341   Thumb Code     2  startup_tm4c123.o(.text)
    ADC0SS0_Handler                          0x00000343   Thumb Code     2  startup_tm4c123.o(.text)
    ADC0SS1_Handler                          0x00000345   Thumb Code     2  startup_tm4c123.o(.text)
    ADC0SS2_Handler                          0x00000347   Thumb Code     2  startup_tm4c123.o(.text)
    ADC0SS3_Handler                          0x00000349   Thumb Code     2  startup_tm4c123.o(.text)
    WDT0_Handler                             0x0000034b   Thumb Code     2  startup_tm4c123.o(.text)
    TIMER0A_Handler                          0x0000034d   Thumb Code     2  startup_tm4c123.o(.text)
    TIMER0B_Handler                          0x0000034f   Thumb Code     2  startup_tm4c123.o(.text)
    TIMER1A_Handler                          0x00000351   Thumb Code     2  startup_tm4c123.o(.text)
    TIMER1B_Handler                          0x00000353   Thumb Code     2  startup_tm4c123.o(.text)
    TIMER2A_Handler                          0x00000355   Thumb Code     2  startup_tm4c123.o(.text)
    TIMER2B_Handler                          0x00000357   Thumb Code     2  startup_tm4c123.o(.text)
    COMP0_Handler                            0x00000359   Thumb Code     2  startup_tm4c123.o(.text)
    COMP1_Handler                            0x0000035b   Thumb Code     2  startup_tm4c123.o(.text)
    COMP2_Handler                            0x0000035d   Thumb Code     2  startup_tm4c123.o(.text)
    SYSCTL_Handler                           0x0000035f   Thumb Code     2  startup_tm4c123.o(.text)
    FLASH_Handler                            0x00000361   Thumb Code     2  startup_tm4c123.o(.text)
    GPIOF_Handler                            0x00000363   Thumb Code     2  startup_tm4c123.o(.text)
    GPIOG_Handler                            0x00000365   Thumb Code     2  startup_tm4c123.o(.text)
    GPIOH_Handler                            0x00000367   Thumb Code     2  startup_tm4c123.o(.text)
    UART2_Handler                            0x00000369   Thumb Code     2  startup_tm4c123.o(.text)
    SSI1_Handler                             0x0000036b   Thumb Code     2  startup_tm4c123.o(.text)
    TIMER3A_Handler                          0x0000036d   Thumb Code     2  startup_tm4c123.o(.text)
    TIMER3B_Handler                          0x0000036f   Thumb Code     2  startup_tm4c123.o(.text)
    I2C1_Handler                             0x00000371   Thumb Code     2  startup_tm4c123.o(.text)
    QEI1_Handler                             0x00000373   Thumb Code     2  startup_tm4c123.o(.text)
    CAN0_Handler                             0x00000375   Thumb Code     2  startup_tm4c123.o(.text)
    CAN1_Handler                             0x00000377   Thumb Code     2  startup_tm4c123.o(.text)
    CAN2_Handler                             0x00000379   Thumb Code     2  startup_tm4c123.o(.text)
    HIB_Handler                              0x0000037b   Thumb Code     2  startup_tm4c123.o(.text)
    USB0_Handler                             0x0000037d   Thumb Code     2  startup_tm4c123.o(.text)
    PWM0_3_Handler                           0x0000037f   Thumb Code     2  startup_tm4c123.o(.text)
    UDMA_Handler                             0x00000381   Thumb Code     2  startup_tm4c123.o(.text)
    UDMAERR_Handler                          0x00000383   Thumb Code     2  startup_tm4c123.o(.text)
    ADC1SS0_Handler                          0x00000385   Thumb Code     2  startup_tm4c123.o(.text)
    ADC1SS1_Handler                          0x00000387   Thumb Code     2  startup_tm4c123.o(.text)
    ADC1SS2_Handler                          0x00000389   Thumb Code     2  startup_tm4c123.o(.text)
    ADC1SS3_Handler                          0x0000038b   Thumb Code     2  startup_tm4c123.o(.text)
    GPIOJ_Handler                            0x0000038d   Thumb Code     2  startup_tm4c123.o(.text)
    GPIOK_Handler                            0x0000038f   Thumb Code     2  startup_tm4c123.o(.text)
    GPIOL_Handler                            0x00000391   Thumb Code     2  startup_tm4c123.o(.text)
    SSI2_Handler                             0x00000393   Thumb Code     2  startup_tm4c123.o(.text)
    SSI3_Handler                             0x00000395   Thumb Code     2  startup_tm4c123.o(.text)
    UART3_Handler                            0x00000397   Thumb Code     2  startup_tm4c123.o(.text)
    UART4_Handler                            0x00000399   Thumb Code     2  startup_tm4c123.o(.text)
    UART5_Handler                            0x0000039b   Thumb Code     2  startup_tm4c123.o(.text)
    UART6_Handler                            0x0000039d   Thumb Code     2  startup_tm4c123.o(.text)
    UART7_Handler                            0x0000039f   Thumb Code     2  startup_tm4c123.o(.text)
    I2C2_Handler                             0x000003a1   Thumb Code     2  startup_tm4c123.o(.text)
    I2C3_Handler                             0x000003a3   Thumb Code     2  startup_tm4c123.o(.text)
    TIMER4A_Handler                          0x000003a5   Thumb Code     2  startup_tm4c123.o(.text)
    TIMER4B_Handler                          0x000003a7   Thumb Code     2  startup_tm4c123.o(.text)
    TIMER5A_Handler                          0x000003a9   Thumb Code     2  startup_tm4c123.o(.text)
    TIMER5B_Handler                          0x000003ab   Thumb Code     2  startup_tm4c123.o(.text)
    WTIMER0A_Handler                         0x000003ad   Thumb Code     2  startup_tm4c123.o(.text)
    WTIMER0B_Handler                         0x000003af   Thumb Code     2  startup_tm4c123.o(.text)
    WTIMER1A_Handler                         0x000003b1   Thumb Code     2  startup_tm4c123.o(.text)
    WTIMER1B_Handler                         0x000003b3   Thumb Code     2  startup_tm4c123.o(.text)
    WTIMER2A_Handler                         0x000003b5   Thumb Code     2  startup_tm4c123.o(.text)
    WTIMER2B_Handler                         0x000003b7   Thumb Code     2  startup_tm4c123.o(.text)
    WTIMER3A_Handler                         0x000003b9   Thumb Code     2  startup_tm4c123.o(.text)
    WTIMER3B_Handler                         0x000003bb   Thumb Code     2  startup_tm4c123.o(.text)
    WTIMER4A_Handler                         0x000003bd   Thumb Code     2  startup_tm4c123.o(.text)
    WTIMER4B_Handler                         0x000003bf   Thumb Code     2  startup_tm4c123.o(.text)
    WTIMER5A_Handler                         0x000003c1   Thumb Code     2  startup_tm4c123.o(.text)
    WTIMER5B_Handler                         0x000003c3   Thumb Code     2  startup_tm4c123.o(.text)
    FPU_Handler                              0x000003c5   Thumb Code     2  startup_tm4c123.o(.text)
    I2C4_Handler                             0x000003c7   Thumb Code     2  startup_tm4c123.o(.text)
    I2C5_Handler                             0x000003c9   Thumb Code     2  startup_tm4c123.o(.text)
    GPIOM_Handler                            0x000003cb   Thumb Code     2  startup_tm4c123.o(.text)
    GPION_Handler                            0x000003cd   Thumb Code     2  startup_tm4c123.o(.text)
    QEI2_Handler                             0x000003cf   Thumb Code     2  startup_tm4c123.o(.text)
    GPIOP0_Handler                           0x000003d1   Thumb Code     2  startup_tm4c123.o(.text)
    GPIOP1_Handler                           0x000003d3   Thumb Code     2  startup_tm4c123.o(.text)
    GPIOP2_Handler                           0x000003d5   Thumb Code     2  startup_tm4c123.o(.text)
    GPIOP3_Handler                           0x000003d7   Thumb Code     2  startup_tm4c123.o(.text)
    GPIOP4_Handler                           0x000003d9   Thumb Code     2  startup_tm4c123.o(.text)
    GPIOP5_Handler                           0x000003db   Thumb Code     2  startup_tm4c123.o(.text)
    GPIOP6_Handler                           0x000003dd   Thumb Code     2  startup_tm4c123.o(.text)
    GPIOP7_Handler                           0x000003df   Thumb Code     2  startup_tm4c123.o(.text)
    GPIOQ0_Handler                           0x000003e1   Thumb Code     2  startup_tm4c123.o(.text)
    GPIOQ1_Handler                           0x000003e3   Thumb Code     2  startup_tm4c123.o(.text)
    GPIOQ2_Handler                           0x000003e5   Thumb Code     2  startup_tm4c123.o(.text)
    GPIOQ3_Handler                           0x000003e7   Thumb Code     2  startup_tm4c123.o(.text)
    GPIOQ4_Handler                           0x000003e9   Thumb Code     2  startup_tm4c123.o(.text)
    GPIOQ5_Handler                           0x000003eb   Thumb Code     2  startup_tm4c123.o(.text)
    GPIOQ6_Handler                           0x000003ed   Thumb Code     2  startup_tm4c123.o(.text)
    GPIOQ7_Handler                           0x000003ef   Thumb Code     2  startup_tm4c123.o(.text)
    GPIOR_Handler                            0x000003f1   Thumb Code     2  startup_tm4c123.o(.text)
    GPIOS_Handler                            0x000003f3   Thumb Code     2  startup_tm4c123.o(.text)
    PMW1_0_Handler                           0x000003f5   Thumb Code     2  startup_tm4c123.o(.text)
    PWM1_1_Handler                           0x000003f7   Thumb Code     2  startup_tm4c123.o(.text)
    PWM1_2_Handler                           0x000003f9   Thumb Code     2  startup_tm4c123.o(.text)
    PWM1_3_Handler                           0x000003fb   Thumb Code     2  startup_tm4c123.o(.text)
    PWM1_FAULT_Handler                       0x000003fd   Thumb Code     2  startup_tm4c123.o(.text)
    __user_initial_stackheap                 0x00000401   Thumb Code     0  startup_tm4c123.o(.text)
    __aeabi_memcpy                           0x00000421   Thumb Code     0  rt_memcpy_v6.o(.text)
    __rt_memcpy                              0x00000421   Thumb Code   138  rt_memcpy_v6.o(.text)
    _memcpy_lastbytes                        0x00000487   Thumb Code     0  rt_memcpy_v6.o(.text)
    __aeabi_memset4                          0x000004ab   Thumb Code    16  aeabi_memset4.o(.text)
    __aeabi_memset8                          0x000004ab   Thumb Code     0  aeabi_memset4.o(.text)
    __aeabi_memclr                           0x000004bb   Thumb Code     0  rt_memclr.o(.text)
    __rt_memclr                              0x000004bb   Thumb Code     0  rt_memclr.o(.text)
    _memset                                  0x000004bf   Thumb Code    64  rt_memclr.o(.text)
    __use_two_region_memory                  0x000004ff   Thumb Code     2  heapauxi.o(.text)
    __rt_heap_escrow$2region                 0x00000501   Thumb Code     2  heapauxi.o(.text)
    __rt_heap_expand$2region                 0x00000503   Thumb Code     2  heapauxi.o(.text)
    __aeabi_memcpy4                          0x00000505   Thumb Code     0  rt_memcpy_w.o(.text)
    __aeabi_memcpy8                          0x00000505   Thumb Code     0  rt_memcpy_w.o(.text)
    __rt_memcpy_w                            0x00000505   Thumb Code   100  rt_memcpy_w.o(.text)
    _memcpy_lastbytes_aligned                0x0000054d   Thumb Code     0  rt_memcpy_w.o(.text)
    __aeabi_memclr4                          0x00000569   Thumb Code     0  rt_memclr_w.o(.text)
    __aeabi_memclr8                          0x00000569   Thumb Code     0  rt_memclr_w.o(.text)
    __rt_memclr_w                            0x00000569   Thumb Code     0  rt_memclr_w.o(.text)
    _memset_w                                0x0000056d   Thumb Code    74  rt_memclr_w.o(.text)
    __user_setup_stackheap                   0x000005b7   Thumb Code    74  sys_stackheap_outer.o(.text)
    exit                                     0x00000601   Thumb Code    18  exit.o(.text)
    __user_libspace                          0x00000615   Thumb Code     8  libspace.o(.text)
    __user_perproc_libspace                  0x00000615   Thumb Code     0  libspace.o(.text)
    __user_perthread_libspace                0x00000615   Thumb Code     0  libspace.o(.text)
    _sys_exit                                0x0000061d   Thumb Code     8  sys_exit.o(.text)
    __I$use$semihosting                      0x00000629   Thumb Code     0  use_no_semi.o(.text)
    __use_no_semihosting_swi                 0x00000629   Thumb Code     2  use_no_semi.o(.text)
    __semihosting_library_function           0x0000062b   Thumb Code     0  indicate_semi.o(.text)
    BOARD_init                               0x0000062d   Thumb Code    20  boardporting.o(.text.BOARD_init)
    DIO_Init                                 0x00000641   Thumb Code   940  dio.o(.text.DIO_Init)
    DIO_WritePin                             0x000009ed   Thumb Code   378  dio.o(.text.DIO_WritePin)
    GPIOA_Handler                            0x00000b69   Thumb Code   310  boardporting.o(.text.GPIOA_Handler)
    GPIOC_Handler                            0x00000ca1   Thumb Code   212  boardporting.o(.text.GPIOC_Handler)
    GPIOD_Handler                            0x00000d75   Thumb Code   380  boardporting.o(.text.GPIOD_Handler)
    GPIOE_Handler                            0x00000ef1   Thumb Code   248  boardporting.o(.text.GPIOE_Handler)
    PORTA_init                               0x00000fe9   Thumb Code   184  boardporting.o(.text.PORTA_init)
    PORTC_init                               0x000010a1   Thumb Code   134  boardporting.o(.text.PORTC_init)
    PORTD_init                               0x00001129   Thumb Code   154  boardporting.o(.text.PORTD_init)
    PORTE_init                               0x000011c5   Thumb Code   154  boardporting.o(.text.PORTE_init)
    PendSV_Handler                           0x00001261   Thumb Code   100  port.o(.text.PendSV_Handler)
    SVC_Handler                              0x000012d1   Thumb Code    36  port.o(.text.SVC_Handler)
    SysTick_Handler                          0x000012f5   Thumb Code    60  port.o(.text.SysTick_Handler)
    SystemInit                               0x00001331   Thumb Code   268  system_tm4c123.o(.text.SystemInit)
    config_PWM_MOTOR                         0x0000143d   Thumb Code   256  motordriver.o(.text.config_PWM_MOTOR)
    create_mutex                             0x0000153d   Thumb Code   140  states.o(.text.create_mutex)
    create_queues                            0x000015c9   Thumb Code   156  states.o(.text.create_queues)
    create_semaphores                        0x00001665   Thumb Code   148  states.o(.text.create_semaphores)
    driver_down_pressed                      0x000016f9   Thumb Code    44  boardporting.o(.text.driver_down_pressed)
    driver_task                              0x00001725   Thumb Code   848  main.o(.text.driver_task)
    driver_up_pressed                        0x00001a75   Thumb Code    44  boardporting.o(.text.driver_up_pressed)
    eTaskConfirmSleepModeStatus              0x00001aa1   Thumb Code   128  tasks.o(.text.eTaskConfirmSleepModeStatus)
    jam_task                                 0x00001b21   Thumb Code   358  main.o(.text.jam_task)
    limit_task                               0x00001c89   Thumb Code   554  main.o(.text.limit_task)
    main                                     0x00001eb5   Thumb Code   170  main.o(.text.main)
    motor1_down                              0x00001f61   Thumb Code    30  motordriver.o(.text.motor1_down)
    motor1_off                               0x00001f81   Thumb Code    32  motordriver.o(.text.motor1_off)
    motor1_up                                0x00001fa1   Thumb Code    32  motordriver.o(.text.motor1_up)
    motor2_down                              0x00001fc1   Thumb Code    30  motordriver.o(.text.motor2_down)
    motor2_off                               0x00001fe1   Thumb Code    32  motordriver.o(.text.motor2_off)
    motor2_up                                0x00002001   Thumb Code    30  motordriver.o(.text.motor2_up)
    motor_module_init                        0x00002021   Thumb Code    12  motordriver.o(.text.motor_module_init)
    off_switch                               0x0000202d   Thumb Code    30  boardporting.o(.text.off_switch)
    on_switch                                0x0000204d   Thumb Code    34  boardporting.o(.text.on_switch)
    passenger_down_pressed                   0x00002071   Thumb Code    62  boardporting.o(.text.passenger_down_pressed)
    passenger_task                           0x000020b1   Thumb Code   850  main.o(.text.passenger_task)
    passenger_up_pressed                     0x00002405   Thumb Code    62  boardporting.o(.text.passenger_up_pressed)
    port_init                                0x00002445   Thumb Code    50  motordriver.o(.text.port_init)
    pvPortMalloc                             0x0000301d   Thumb Code   456  heap_4.o(.text.pvPortMalloc)
    pvTaskIncrementMutexHeldCount            0x000031e5   Thumb Code    44  tasks.o(.text.pvTaskIncrementMutexHeldCount)
    pxPortInitialiseStack                    0x00003211   Thumb Code    94  port.o(.text.pxPortInitialiseStack)
    uxListRemove                             0x00003271   Thumb Code    72  list.o(.text.uxListRemove)
    uxTaskGetNumberOfTasks                   0x000032b9   Thumb Code    12  tasks.o(.text.uxTaskGetNumberOfTasks)
    vListInitialise                          0x000032c5   Thumb Code    46  list.o(.text.vListInitialise)
    vListInitialiseItem                      0x000032f5   Thumb Code    14  list.o(.text.vListInitialiseItem)
    vListInsert                              0x00003305   Thumb Code   106  list.o(.text.vListInsert)
    vPortEnterCritical                       0x00003385   Thumb Code    86  port.o(.text.vPortEnterCritical)
    vPortExitCritical                        0x000033dd   Thumb Code    74  port.o(.text.vPortExitCritical)
    vPortFree                                0x00003429   Thumb Code   186  heap_4.o(.text.vPortFree)
    vPortSetupTimerInterrupt                 0x000034e5   Thumb Code   120  port.o(.text.vPortSetupTimerInterrupt)
    vPortSuppressTicksAndSleep               0x0000355d   Thumb Code   544  port.o(.text.vPortSuppressTicksAndSleep)
    vPortValidateInterruptPriority           0x0000377d   Thumb Code   132  port.o(.text.vPortValidateInterruptPriority)
    vTaskDelay                               0x00003801   Thumb Code   110  tasks.o(.text.vTaskDelay)
    vTaskInternalSetTimeOutState             0x00003871   Thumb Code    36  tasks.o(.text.vTaskInternalSetTimeOutState)
    vTaskMissedYield                         0x00003895   Thumb Code    14  tasks.o(.text.vTaskMissedYield)
    vTaskPlaceOnEventList                    0x000038a5   Thumb Code    66  tasks.o(.text.vTaskPlaceOnEventList)
    vTaskPriorityDisinheritAfterTimeout      0x000038e9   Thumb Code   386  tasks.o(.text.vTaskPriorityDisinheritAfterTimeout)
    vTaskStartScheduler                      0x00003a6d   Thumb Code   162  tasks.o(.text.vTaskStartScheduler)
    vTaskStepTick                            0x00003b11   Thumb Code   204  tasks.o(.text.vTaskStepTick)
    vTaskSuspendAll                          0x00003bdd   Thumb Code    16  tasks.o(.text.vTaskSuspendAll)
    vTaskSwitchContext                       0x00003bed   Thumb Code   190  tasks.o(.text.vTaskSwitchContext)
    xPortStartScheduler                      0x00003cad   Thumb Code   380  port.o(.text.xPortStartScheduler)
    xQueueCreateCountingSemaphore            0x00003e29   Thumb Code    94  queue.o(.text.xQueueCreateCountingSemaphore)
    xQueueCreateMutex                        0x00003e89   Thumb Code    38  queue.o(.text.xQueueCreateMutex)
    xQueueGenericCreate                      0x00003eb1   Thumb Code   154  queue.o(.text.xQueueGenericCreate)
    xQueueGenericReset                       0x00003f4d   Thumb Code   264  queue.o(.text.xQueueGenericReset)
    xQueueGenericSend                        0x00004055   Thumb Code   628  queue.o(.text.xQueueGenericSend)
    xQueueGenericSendFromISR                 0x000042c9   Thumb Code   444  queue.o(.text.xQueueGenericSendFromISR)
    xQueueGiveFromISR                        0x00004485   Thumb Code   386  queue.o(.text.xQueueGiveFromISR)
    xQueueReceive                            0x00004609   Thumb Code   476  queue.o(.text.xQueueReceive)
    xQueueSemaphoreTake                      0x000047e5   Thumb Code   528  queue.o(.text.xQueueSemaphoreTake)
    xTaskCheckForTimeOut                     0x000049f5   Thumb Code   252  tasks.o(.text.xTaskCheckForTimeOut)
    xTaskCreate                              0x00004af1   Thumb Code   160  tasks.o(.text.xTaskCreate)
    xTaskGetSchedulerState                   0x00004b91   Thumb Code    56  tasks.o(.text.xTaskGetSchedulerState)
    xTaskIncrementTick                       0x00004bc9   Thumb Code   608  tasks.o(.text.xTaskIncrementTick)
    xTaskPriorityDisinherit                  0x00004e29   Thumb Code   312  tasks.o(.text.xTaskPriorityDisinherit)
    xTaskPriorityInherit                     0x00004f61   Thumb Code   348  tasks.o(.text.xTaskPriorityInherit)
    xTaskRemoveFromEventList                 0x000050bd   Thumb Code   402  tasks.o(.text.xTaskRemoveFromEventList)
    xTaskResumeAll                           0x00005251   Thumb Code   546  tasks.o(.text.xTaskResumeAll)
    _fp_init                                 0x00005473   Thumb Code    26  fpinit.o(x$fpl$fpinit)
    __fplib_config_fpu_vfp                   0x0000548b   Thumb Code     0  fpinit.o(x$fpl$fpinit)
    __fplib_config_pureend_doubles           0x0000548b   Thumb Code     0  fpinit.o(x$fpl$fpinit)
    uxTopUsedPriority                        0x000054ac   Data           4  tasks.o(.rodata.uxTopUsedPriority)
    Region$$Table$$Base                      0x000054b0   Number         0  anon$$obj.o(Region$$Table)
    Region$$Table$$Limit                     0x000054d0   Number         0  anon$$obj.o(Region$$Table)
    SystemCoreClock                          0x20000000   Data           4  system_tm4c123.o(.data.SystemCoreClock)
    __libspace_start                         0x20000008   Data          96  libspace.o(.bss)
    __temporary_stack_top$libspace           0x20000068   Data           0  libspace.o(.bss)
    driver_motor_mutex                       0x20000068   Data           4  main.o(.bss.driver_motor_mutex)
    driver_queue                             0x2000006c   Data           4  main.o(.bss.driver_queue)
    driver_semaphore                         0x20000070   Data           4  main.o(.bss.driver_semaphore)
    driver_state                             0x20000074   Data           1  main.o(.bss.driver_state)
    driver_state_mutex                       0x20000078   Data           4  main.o(.bss.driver_state_mutex)
    jam_queue                                0x2000007c   Data           4  main.o(.bss.jam_queue)
    jam_semaphore                            0x20000080   Data           4  main.o(.bss.jam_semaphore)
    limit_queue                              0x20000084   Data           4  main.o(.bss.limit_queue)
    limit_semaphore                          0x20000088   Data           4  main.o(.bss.limit_semaphore)
    passenger_motor_mutex                    0x2000008c   Data           4  main.o(.bss.passenger_motor_mutex)
    passenger_queue                          0x20000090   Data           4  main.o(.bss.passenger_queue)
    passenger_semaphore                      0x20000094   Data           4  main.o(.bss.passenger_semaphore)
    passenger_state                          0x20000098   Data           1  main.o(.bss.passenger_state)
    passenger_state_mutex                    0x2000009c   Data           4  main.o(.bss.passenger_state_mutex)
    pxCurrentTCB                             0x200000a0   Data           4  tasks.o(.bss.pxCurrentTCB)



==============================================================================

Memory Map of the image

  Image Entry point : 0x0000030d

  Load Region LR_1 (Base: 0x00000000, Size: 0x000054d8, Max: 0xffffffff, ABSOLUTE)

    Execution Region ER_RO (Exec base: 0x00000000, Load base: 0x00000000, Size: 0x000054d0, Max: 0xffffffff, ABSOLUTE)

    Exec Addr    Load Addr    Size         Type   Attr      Idx    E Section Name        Object

    0x00000000   0x00000000   0x0000026c   Data   RO          130    RESET               startup_tm4c123.o
    0x0000026c   0x0000026c   0x00000008   Code   RO          505  * !!!main             c_w.l(__main.o)
    0x00000274   0x00000274   0x00000034   Code   RO          674    !!!scatter          c_w.l(__scatter.o)
    0x000002a8   0x000002a8   0x0000001a   Code   RO          676    !!handler_copy      c_w.l(__scatter_copy.o)
    0x000002c2   0x000002c2   0x00000002   PAD
    0x000002c4   0x000002c4   0x0000001c   Code   RO          678    !!handler_zi        c_w.l(__scatter_zi.o)
    0x000002e0   0x000002e0   0x00000002   Code   RO          536    .ARM.Collect$$libinit$$00000000  c_w.l(libinit.o)
    0x000002e2   0x000002e2   0x00000004   Code   RO          542    .ARM.Collect$$libinit$$00000001  c_w.l(libinit2.o)
    0x000002e6   0x000002e6   0x00000000   Code   RO          545    .ARM.Collect$$libinit$$00000004  c_w.l(libinit2.o)
    0x000002e6   0x000002e6   0x00000000   Code   RO          547    .ARM.Collect$$libinit$$00000006  c_w.l(libinit2.o)
    0x000002e6   0x000002e6   0x00000000   Code   RO          550    .ARM.Collect$$libinit$$0000000C  c_w.l(libinit2.o)
    0x000002e6   0x000002e6   0x00000000   Code   RO          552    .ARM.Collect$$libinit$$0000000E  c_w.l(libinit2.o)
    0x000002e6   0x000002e6   0x00000000   Code   RO          554    .ARM.Collect$$libinit$$00000010  c_w.l(libinit2.o)
    0x000002e6   0x000002e6   0x00000000   Code   RO          557    .ARM.Collect$$libinit$$00000013  c_w.l(libinit2.o)
    0x000002e6   0x000002e6   0x00000000   Code   RO          559    .ARM.Collect$$libinit$$00000015  c_w.l(libinit2.o)
    0x000002e6   0x000002e6   0x00000000   Code   RO          561    .ARM.Collect$$libinit$$00000017  c_w.l(libinit2.o)
    0x000002e6   0x000002e6   0x00000000   Code   RO          563    .ARM.Collect$$libinit$$00000019  c_w.l(libinit2.o)
    0x000002e6   0x000002e6   0x00000000   Code   RO          565    .ARM.Collect$$libinit$$0000001B  c_w.l(libinit2.o)
    0x000002e6   0x000002e6   0x00000000   Code   RO          567    .ARM.Collect$$libinit$$0000001D  c_w.l(libinit2.o)
    0x000002e6   0x000002e6   0x00000000   Code   RO          569    .ARM.Collect$$libinit$$0000001F  c_w.l(libinit2.o)
    0x000002e6   0x000002e6   0x00000000   Code   RO          571    .ARM.Collect$$libinit$$00000021  c_w.l(libinit2.o)
    0x000002e6   0x000002e6   0x00000000   Code   RO          573    .ARM.Collect$$libinit$$00000023  c_w.l(libinit2.o)
    0x000002e6   0x000002e6   0x00000000   Code   RO          575    .ARM.Collect$$libinit$$00000025  c_w.l(libinit2.o)
    0x000002e6   0x000002e6   0x00000000   Code   RO          577    .ARM.Collect$$libinit$$00000027  c_w.l(libinit2.o)
    0x000002e6   0x000002e6   0x00000000   Code   RO          581    .ARM.Collect$$libinit$$0000002E  c_w.l(libinit2.o)
    0x000002e6   0x000002e6   0x00000000   Code   RO          583    .ARM.Collect$$libinit$$00000030  c_w.l(libinit2.o)
    0x000002e6   0x000002e6   0x00000000   Code   RO          585    .ARM.Collect$$libinit$$00000032  c_w.l(libinit2.o)
    0x000002e6   0x000002e6   0x00000000   Code   RO          587    .ARM.Collect$$libinit$$00000034  c_w.l(libinit2.o)
    0x000002e6   0x000002e6   0x00000002   Code   RO          588    .ARM.Collect$$libinit$$00000035  c_w.l(libinit2.o)
    0x000002e8   0x000002e8   0x00000002   Code   RO          610    .ARM.Collect$$libshutdown$$00000000  c_w.l(libshutdown.o)
    0x000002ea   0x000002ea   0x00000000   Code   RO          625    .ARM.Collect$$libshutdown$$00000002  c_w.l(libshutdown2.o)
    0x000002ea   0x000002ea   0x00000000   Code   RO          627    .ARM.Collect$$libshutdown$$00000004  c_w.l(libshutdown2.o)
    0x000002ea   0x000002ea   0x00000000   Code   RO          630    .ARM.Collect$$libshutdown$$00000007  c_w.l(libshutdown2.o)
    0x000002ea   0x000002ea   0x00000000   Code   RO          633    .ARM.Collect$$libshutdown$$0000000A  c_w.l(libshutdown2.o)
    0x000002ea   0x000002ea   0x00000000   Code   RO          635    .ARM.Collect$$libshutdown$$0000000C  c_w.l(libshutdown2.o)
    0x000002ea   0x000002ea   0x00000000   Code   RO          638    .ARM.Collect$$libshutdown$$0000000F  c_w.l(libshutdown2.o)
    0x000002ea   0x000002ea   0x00000002   Code   RO          639    .ARM.Collect$$libshutdown$$00000010  c_w.l(libshutdown2.o)
    0x000002ec   0x000002ec   0x00000000   Code   RO          507    .ARM.Collect$$rtentry$$00000000  c_w.l(__rtentry.o)
    0x000002ec   0x000002ec   0x00000000   Code   RO          513    .ARM.Collect$$rtentry$$00000002  c_w.l(__rtentry2.o)
    0x000002ec   0x000002ec   0x00000006   Code   RO          525    .ARM.Collect$$rtentry$$00000004  c_w.l(__rtentry4.o)
    0x000002f2   0x000002f2   0x00000000   Code   RO          515    .ARM.Collect$$rtentry$$00000009  c_w.l(__rtentry2.o)
    0x000002f2   0x000002f2   0x00000004   Code   RO          516    .ARM.Collect$$rtentry$$0000000A  c_w.l(__rtentry2.o)
    0x000002f6   0x000002f6   0x00000000   Code   RO          518    .ARM.Collect$$rtentry$$0000000C  c_w.l(__rtentry2.o)
    0x000002f6   0x000002f6   0x00000008   Code   RO          519    .ARM.Collect$$rtentry$$0000000D  c_w.l(__rtentry2.o)
    0x000002fe   0x000002fe   0x00000002   Code   RO          540    .ARM.Collect$$rtexit$$00000000  c_w.l(rtexit.o)
    0x00000300   0x00000300   0x00000000   Code   RO          590    .ARM.Collect$$rtexit$$00000002  c_w.l(rtexit2.o)
    0x00000300   0x00000300   0x00000004   Code   RO          591    .ARM.Collect$$rtexit$$00000003  c_w.l(rtexit2.o)
    0x00000304   0x00000304   0x00000006   Code   RO          592    .ARM.Collect$$rtexit$$00000004  c_w.l(rtexit2.o)
    0x0000030a   0x0000030a   0x00000002   PAD
    0x0000030c   0x0000030c   0x00000114   Code   RO          131  * .text               startup_tm4c123.o
    0x00000420   0x00000420   0x0000008a   Code   RO          497    .text               c_w.l(rt_memcpy_v6.o)
    0x000004aa   0x000004aa   0x00000010   Code   RO          499    .text               c_w.l(aeabi_memset4.o)
    0x000004ba   0x000004ba   0x00000044   Code   RO          501    .text               c_w.l(rt_memclr.o)
    0x000004fe   0x000004fe   0x00000006   Code   RO          503    .text               c_w.l(heapauxi.o)
    0x00000504   0x00000504   0x00000064   Code   RO          508    .text               c_w.l(rt_memcpy_w.o)
    0x00000568   0x00000568   0x0000004e   Code   RO          510    .text               c_w.l(rt_memclr_w.o)
    0x000005b6   0x000005b6   0x0000004a   Code   RO          527    .text               c_w.l(sys_stackheap_outer.o)
    0x00000600   0x00000600   0x00000012   Code   RO          529    .text               c_w.l(exit.o)
    0x00000612   0x00000612   0x00000002   PAD
    0x00000614   0x00000614   0x00000008   Code   RO          537    .text               c_w.l(libspace.o)
    0x0000061c   0x0000061c   0x0000000c   Code   RO          600    .text               c_w.l(sys_exit.o)
    0x00000628   0x00000628   0x00000002   Code   RO          615    .text               c_w.l(use_no_semi.o)
    0x0000062a   0x0000062a   0x00000000   Code   RO          617    .text               c_w.l(indicate_semi.o)
    0x0000062a   0x0000062a   0x00000002   PAD
    0x0000062c   0x0000062c   0x00000014   Code   RO           79    .text.BOARD_init    boardporting.o
    0x00000640   0x00000640   0x000003ac   Code   RO           35    .text.DIO_Init      dio.o
    0x000009ec   0x000009ec   0x0000017a   Code   RO           37    .text.DIO_WritePin  dio.o
    0x00000b66   0x00000b66   0x00000002   PAD
    0x00000b68   0x00000b68   0x00000136   Code   RO          103    .text.GPIOA_Handler  boardporting.o
    0x00000c9e   0x00000c9e   0x00000002   PAD
    0x00000ca0   0x00000ca0   0x000000d4   Code   RO          107    .text.GPIOC_Handler  boardporting.o
    0x00000d74   0x00000d74   0x0000017c   Code   RO          101    .text.GPIOD_Handler  boardporting.o
    0x00000ef0   0x00000ef0   0x000000f8   Code   RO          105    .text.GPIOE_Handler  boardporting.o
    0x00000fe8   0x00000fe8   0x000000b8   Code   RO           83    .text.PORTA_init    boardporting.o
    0x000010a0   0x000010a0   0x00000086   Code   RO           99    .text.PORTC_init    boardporting.o
    0x00001126   0x00001126   0x00000002   PAD
    0x00001128   0x00001128   0x0000009a   Code   RO           81    .text.PORTD_init    boardporting.o
    0x000011c2   0x000011c2   0x00000002   PAD
    0x000011c4   0x000011c4   0x0000009a   Code   RO           89    .text.PORTE_init    boardporting.o
    0x0000125e   0x0000125e   0x00000002   PAD
    0x00001260   0x00001260   0x00000064   Code   RO          190    .text.PendSV_Handler  port.o
    0x000012c4   0x000012c4   0x0000000c   PAD
    0x000012d0   0x000012d0   0x00000024   Code   RO          174    .text.SVC_Handler   port.o
    0x000012f4   0x000012f4   0x0000003c   Code   RO          192    .text.SysTick_Handler  port.o
    0x00001330   0x00001330   0x0000010c   Code   RO          142    .text.SystemInit    system_tm4c123.o
    0x0000143c   0x0000143c   0x00000100   Code   RO           68    .text.config_PWM_MOTOR  motordriver.o
    0x0000153c   0x0000153c   0x0000008c   Code   RO          120    .text.create_mutex  states.o
    0x000015c8   0x000015c8   0x0000009c   Code   RO          116    .text.create_queues  states.o
    0x00001664   0x00001664   0x00000094   Code   RO          118    .text.create_semaphores  states.o
    0x000016f8   0x000016f8   0x0000002c   Code   RO           87    .text.driver_down_pressed  boardporting.o
    0x00001724   0x00001724   0x00000350   Code   RO            4    .text.driver_task   main.o
    0x00001a74   0x00001a74   0x0000002c   Code   RO           85    .text.driver_up_pressed  boardporting.o
    0x00001aa0   0x00001aa0   0x00000080   Code   RO          420    .text.eTaskConfirmSleepModeStatus  tasks.o
    0x00001b20   0x00001b20   0x00000166   Code   RO           10    .text.jam_task      main.o
    0x00001c86   0x00001c86   0x00000002   PAD
    0x00001c88   0x00001c88   0x0000022a   Code   RO            8    .text.limit_task    main.o
    0x00001eb2   0x00001eb2   0x00000002   PAD
    0x00001eb4   0x00001eb4   0x000000aa   Code   RO            2    .text.main          main.o
    0x00001f5e   0x00001f5e   0x00000002   PAD
    0x00001f60   0x00001f60   0x0000001e   Code   RO           58    .text.motor1_down   motordriver.o
    0x00001f7e   0x00001f7e   0x00000002   PAD
    0x00001f80   0x00001f80   0x00000020   Code   RO           60    .text.motor1_off    motordriver.o
    0x00001fa0   0x00001fa0   0x00000020   Code   RO           56    .text.motor1_up     motordriver.o
    0x00001fc0   0x00001fc0   0x0000001e   Code   RO           64    .text.motor2_down   motordriver.o
    0x00001fde   0x00001fde   0x00000002   PAD
    0x00001fe0   0x00001fe0   0x00000020   Code   RO           66    .text.motor2_off    motordriver.o
    0x00002000   0x00002000   0x0000001e   Code   RO           62    .text.motor2_up     motordriver.o
    0x0000201e   0x0000201e   0x00000002   PAD
    0x00002020   0x00002020   0x0000000c   Code   RO           52    .text.motor_module_init  motordriver.o
    0x0000202c   0x0000202c   0x0000001e   Code   RO           95    .text.off_switch    boardporting.o
    0x0000204a   0x0000204a   0x00000002   PAD
    0x0000204c   0x0000204c   0x00000022   Code   RO           97    .text.on_switch     boardporting.o
    0x0000206e   0x0000206e   0x00000002   PAD
    0x00002070   0x00002070   0x0000003e   Code   RO           93    .text.passenger_down_pressed  boardporting.o
    0x000020ae   0x000020ae   0x00000002   PAD
    0x000020b0   0x000020b0   0x00000352   Code   RO            6    .text.passenger_task  main.o
    0x00002402   0x00002402   0x00000002   PAD
    0x00002404   0x00002404   0x0000003e   Code   RO           91    .text.passenger_up_pressed  boardporting.o
    0x00002442   0x00002442   0x00000002   PAD
    0x00002444   0x00002444   0x00000032   Code   RO           54    .text.port_init     motordriver.o
    0x00002476   0x00002476   0x00000002   PAD
    0x00002478   0x00002478   0x00000122   Code   RO          344    .text.prvAddCurrentTaskToDelayedList  tasks.o
    0x0000259a   0x0000259a   0x00000002   PAD
    0x0000259c   0x0000259c   0x00000154   Code   RO          332    .text.prvAddNewTaskToReadyList  tasks.o
    0x000026f0   0x000026f0   0x0000005a   Code   RO          460    .text.prvCheckTasksWaitingTermination  tasks.o
    0x0000274a   0x0000274a   0x00000002   PAD
    0x0000274c   0x0000274c   0x00000042   Code   RO          281    .text.prvCopyDataFromQueue  queue.o
    0x0000278e   0x0000278e   0x00000002   PAD
    0x00002790   0x00002790   0x000000cc   Code   RO          267    .text.prvCopyDataToQueue  queue.o
    0x0000285c   0x0000285c   0x00000018   Code   RO          338    .text.prvDeleteTCB  tasks.o
    0x00002874   0x00002874   0x00000026   Code   RO          285    .text.prvGetDisinheritPriorityAfterTimeout  queue.o
    0x0000289a   0x0000289a   0x00000002   PAD
    0x0000289c   0x0000289c   0x0000007c   Code   RO          462    .text.prvGetExpectedIdleTime  tasks.o
    0x00002918   0x00002918   0x000000ae   Code   RO          213    .text.prvHeapInit   heap_4.o
    0x000029c6   0x000029c6   0x00000002   PAD
    0x000029c8   0x000029c8   0x0000009a   Code   RO          370    .text.prvIdleTask   tasks.o
    0x00002a62   0x00002a62   0x00000002   PAD
    0x00002a64   0x00002a64   0x0000002c   Code   RO          251    .text.prvInitialiseMutex  queue.o
    0x00002a90   0x00002a90   0x0000004e   Code   RO          247    .text.prvInitialiseNewQueue  queue.o
    0x00002ade   0x00002ade   0x00000002   PAD
    0x00002ae0   0x00002ae0   0x00000124   Code   RO          330    .text.prvInitialiseNewTask  tasks.o
    0x00002c04   0x00002c04   0x0000008e   Code   RO          458    .text.prvInitialiseTaskLists  tasks.o
    0x00002c92   0x00002c92   0x00000002   PAD
    0x00002c94   0x00002c94   0x000000c6   Code   RO          215    .text.prvInsertBlockIntoFreeList  heap_4.o
    0x00002d5a   0x00002d5a   0x00000002   PAD
    0x00002d5c   0x00002d5c   0x00000028   Code   RO          283    .text.prvIsQueueEmpty  queue.o
    0x00002d84   0x00002d84   0x0000002e   Code   RO          271    .text.prvIsQueueFull  queue.o
    0x00002db2   0x00002db2   0x00000002   PAD
    0x00002db4   0x00002db4   0x000000ec   Code   RO          269    .text.prvNotifyQueueSetContainer  queue.o
    0x00002ea0   0x00002ea0   0x00000028   Code   RO          182    .text.prvPortStartFirstTask  port.o
    0x00002ec8   0x00002ec8   0x0000003c   Code   RO          336    .text.prvResetNextTaskUnblockTime  tasks.o
    0x00002f04   0x00002f04   0x0000004c   Code   RO          172    .text.prvTaskExitError  port.o
    0x00002f50   0x00002f50   0x000000cc   Code   RO          273    .text.prvUnlockQueue  queue.o
    0x0000301c   0x0000301c   0x000001c8   Code   RO          211    .text.pvPortMalloc  heap_4.o
    0x000031e4   0x000031e4   0x0000002c   Code   RO          442    .text.pvTaskIncrementMutexHeldCount  tasks.o
    0x00003210   0x00003210   0x0000005e   Code   RO          170    .text.pxPortInitialiseStack  port.o
    0x0000326e   0x0000326e   0x00000002   PAD
    0x00003270   0x00003270   0x00000048   Code   RO          161    .text.uxListRemove  list.o
    0x000032b8   0x000032b8   0x0000000c   Code   RO          380    .text.uxTaskGetNumberOfTasks  tasks.o
    0x000032c4   0x000032c4   0x0000002e   Code   RO          153    .text.vListInitialise  list.o
    0x000032f2   0x000032f2   0x00000002   PAD
    0x000032f4   0x000032f4   0x0000000e   Code   RO          155    .text.vListInitialiseItem  list.o
    0x00003302   0x00003302   0x00000002   PAD
    0x00003304   0x00003304   0x0000006a   Code   RO          159    .text.vListInsert   list.o
    0x0000336e   0x0000336e   0x00000002   PAD
    0x00003370   0x00003370   0x00000014   Code   RO          180    .text.vPortEnableVFP  port.o
    0x00003384   0x00003384   0x00000056   Code   RO          186    .text.vPortEnterCritical  port.o
    0x000033da   0x000033da   0x00000002   PAD
    0x000033dc   0x000033dc   0x0000004a   Code   RO          188    .text.vPortExitCritical  port.o
    0x00003426   0x00003426   0x00000002   PAD
    0x00003428   0x00003428   0x000000ba   Code   RO          217    .text.vPortFree     heap_4.o
    0x000034e2   0x000034e2   0x00000002   PAD
    0x000034e4   0x000034e4   0x00000078   Code   RO          178    .text.vPortSetupTimerInterrupt  port.o
    0x0000355c   0x0000355c   0x00000220   Code   RO          194    .text.vPortSuppressTicksAndSleep  port.o
    0x0000377c   0x0000377c   0x00000084   Code   RO          196    .text.vPortValidateInterruptPriority  port.o
    0x00003800   0x00003800   0x0000006e   Code   RO          348    .text.vTaskDelay    tasks.o
    0x0000386e   0x0000386e   0x00000002   PAD
    0x00003870   0x00003870   0x00000024   Code   RO          410    .text.vTaskInternalSetTimeOutState  tasks.o
    0x00003894   0x00003894   0x0000000e   Code   RO          414    .text.vTaskMissedYield  tasks.o
    0x000038a2   0x000038a2   0x00000002   PAD
    0x000038a4   0x000038a4   0x00000042   Code   RO          400    .text.vTaskPlaceOnEventList  tasks.o
    0x000038e6   0x000038e6   0x00000002   PAD
    0x000038e8   0x000038e8   0x00000182   Code   RO          438    .text.vTaskPriorityDisinheritAfterTimeout  tasks.o
    0x00003a6a   0x00003a6a   0x00000002   PAD
    0x00003a6c   0x00003a6c   0x000000a2   Code   RO          368    .text.vTaskStartScheduler  tasks.o
    0x00003b0e   0x00003b0e   0x00000002   PAD
    0x00003b10   0x00003b10   0x000000cc   Code   RO          394    .text.vTaskStepTick  tasks.o
    0x00003bdc   0x00003bdc   0x00000010   Code   RO          342    .text.vTaskSuspendAll  tasks.o
    0x00003bec   0x00003bec   0x000000be   Code   RO          360    .text.vTaskSwitchContext  tasks.o
    0x00003caa   0x00003caa   0x00000002   PAD
    0x00003cac   0x00003cac   0x0000017c   Code   RO          176    .text.xPortStartScheduler  port.o
    0x00003e28   0x00003e28   0x0000005e   Code   RO          265    .text.xQueueCreateCountingSemaphore  queue.o
    0x00003e86   0x00003e86   0x00000002   PAD
    0x00003e88   0x00003e88   0x00000026   Code   RO          249    .text.xQueueCreateMutex  queue.o
    0x00003eae   0x00003eae   0x00000002   PAD
    0x00003eb0   0x00003eb0   0x0000009a   Code   RO          245    .text.xQueueGenericCreate  queue.o
    0x00003f4a   0x00003f4a   0x00000002   PAD
    0x00003f4c   0x00003f4c   0x00000108   Code   RO          243    .text.xQueueGenericReset  queue.o
    0x00004054   0x00004054   0x00000274   Code   RO          259    .text.xQueueGenericSend  queue.o
    0x000042c8   0x000042c8   0x000001bc   Code   RO          275    .text.xQueueGenericSendFromISR  queue.o
    0x00004484   0x00004484   0x00000182   Code   RO          277    .text.xQueueGiveFromISR  queue.o
    0x00004606   0x00004606   0x00000002   PAD
    0x00004608   0x00004608   0x000001dc   Code   RO          279    .text.xQueueReceive  queue.o
    0x000047e4   0x000047e4   0x00000210   Code   RO          263    .text.xQueueSemaphoreTake  queue.o
    0x000049f4   0x000049f4   0x000000fc   Code   RO          412    .text.xTaskCheckForTimeOut  tasks.o
    0x00004af0   0x00004af0   0x000000a0   Code   RO          328    .text.xTaskCreate   tasks.o
    0x00004b90   0x00004b90   0x00000038   Code   RO          432    .text.xTaskGetSchedulerState  tasks.o
    0x00004bc8   0x00004bc8   0x00000260   Code   RO          374    .text.xTaskIncrementTick  tasks.o
    0x00004e28   0x00004e28   0x00000138   Code   RO          436    .text.xTaskPriorityDisinherit  tasks.o
    0x00004f60   0x00004f60   0x0000015c   Code   RO          434    .text.xTaskPriorityInherit  tasks.o
    0x000050bc   0x000050bc   0x00000192   Code   RO          404    .text.xTaskRemoveFromEventList  tasks.o
    0x0000524e   0x0000524e   0x00000002   PAD
    0x00005250   0x00005250   0x00000222   Code   RO          346    .text.xTaskResumeAll  tasks.o
    0x00005472   0x00005472   0x0000001a   Code   RO          598    x$fpl$fpinit        fz_wm.l(fpinit.o)
    0x0000548c   0x0000548c   0x0000001b   Data   RO           26    .rodata.str1.1      main.o
    0x000054a7   0x000054a7   0x00000005   Data   RO          480    .rodata.str1.1      tasks.o
    0x000054ac   0x000054ac   0x00000004   Data   RO          465    .rodata.uxTopUsedPriority  tasks.o
    0x000054b0   0x000054b0   0x00000020   Data   RO          673    Region$$Table       anon$$obj.o


    Execution Region ER_RW (Exec base: 0x20000000, Load base: 0x000054d0, Size: 0x00000008, Max: 0xffffffff, ABSOLUTE)

    Exec Addr    Load Addr    Size         Type   Attr      Idx    E Section Name        Object

    0x20000000   0x000054d0   0x00000004   Data   RW          144    .data.SystemCoreClock  system_tm4c123.o
    0x20000004   0x000054d4   0x00000004   Data   RW          200    .data.uxCriticalNesting  port.o


    Execution Region ER_ZI (Exec base: 0x20000008, Load base: 0x000054d8, Size: 0x00004448, Max: 0xffffffff, ABSOLUTE)

    Exec Addr    Load Addr    Size         Type   Attr      Idx    E Section Name        Object

    0x20000008        -       0x00000060   Zero   RW          538    .bss                c_w.l(libspace.o)
    0x20000068        -       0x00000004   Zero   RW           20    .bss.driver_motor_mutex  main.o
    0x2000006c        -       0x00000004   Zero   RW           16    .bss.driver_queue   main.o
    0x20000070        -       0x00000004   Zero   RW           12    .bss.driver_semaphore  main.o
    0x20000074        -       0x00000001   Zero   RW           24    .bss.driver_state   main.o
    0x20000075   0x000054d8   0x00000003   PAD
    0x20000078        -       0x00000004   Zero   RW           22    .bss.driver_state_mutex  main.o
    0x2000007c        -       0x00000004   Zero   RW           19    .bss.jam_queue      main.o
    0x20000080        -       0x00000004   Zero   RW           15    .bss.jam_semaphore  main.o
    0x20000084        -       0x00000004   Zero   RW           18    .bss.limit_queue    main.o
    0x20000088        -       0x00000004   Zero   RW           14    .bss.limit_semaphore  main.o
    0x2000008c        -       0x00000004   Zero   RW           21    .bss.passenger_motor_mutex  main.o
    0x20000090        -       0x00000004   Zero   RW           17    .bss.passenger_queue  main.o
    0x20000094        -       0x00000004   Zero   RW           13    .bss.passenger_semaphore  main.o
    0x20000098        -       0x00000001   Zero   RW           25    .bss.passenger_state  main.o
    0x20000099   0x000054d8   0x00000003   PAD
    0x2000009c        -       0x00000004   Zero   RW           23    .bss.passenger_state_mutex  main.o
    0x200000a0        -       0x00000004   Zero   RW          464    .bss.pxCurrentTCB   tasks.o
    0x200000a4        -       0x00000004   Zero   RW          475    .bss.pxDelayedTaskList  tasks.o
    0x200000a8        -       0x00000004   Zero   RW          229    .bss.pxEnd          heap_4.o
    0x200000ac        -       0x00000004   Zero   RW          476    .bss.pxOverflowDelayedTaskList  tasks.o
    0x200000b0        -       0x000000dc   Zero   RW          466    .bss.pxReadyTasksLists  tasks.o
    0x2000018c        -       0x00004000   Zero   RW          235    .bss.ucHeap         heap_4.o
    0x2000418c        -       0x00000001   Zero   RW          198    .bss.ucMaxSysCallPriority  port.o
    0x2000418d   0x000054d8   0x00000003   PAD
    0x20004190        -       0x00000004   Zero   RW          199    .bss.ulMaxPRIGROUPValue  port.o
    0x20004194        -       0x00000004   Zero   RW          203    .bss.ulStoppedTimerCompensation  port.o
    0x20004198        -       0x00000004   Zero   RW          202    .bss.ulTimerCountsForOneTick  port.o
    0x2000419c        -       0x00000004   Zero   RW          471    .bss.uxCurrentNumberOfTasks  tasks.o
    0x200041a0        -       0x00000004   Zero   RW          470    .bss.uxDeletedTasksWaitingCleanUp  tasks.o
    0x200041a4        -       0x00000004   Zero   RW          473    .bss.uxSchedulerSuspended  tasks.o
    0x200041a8        -       0x00000004   Zero   RW          468    .bss.uxTaskNumber   tasks.o
    0x200041ac        -       0x00000004   Zero   RW          467    .bss.uxTopReadyPriority  tasks.o
    0x200041b0        -       0x00000014   Zero   RW          485    .bss.xDelayedTaskList1  tasks.o
    0x200041c4        -       0x00000014   Zero   RW          486    .bss.xDelayedTaskList2  tasks.o
    0x200041d8        -       0x00000004   Zero   RW          230    .bss.xFreeBytesRemaining  heap_4.o
    0x200041dc        -       0x00000004   Zero   RW          481    .bss.xIdleTaskHandle  tasks.o
    0x200041e0        -       0x00000004   Zero   RW          201    .bss.xMaximumPossibleSuppressedTicks  port.o
    0x200041e4        -       0x00000004   Zero   RW          232    .bss.xMinimumEverFreeBytesRemaining  heap_4.o
    0x200041e8        -       0x00000004   Zero   RW          482    .bss.xNextTaskUnblockTime  tasks.o
    0x200041ec        -       0x00000004   Zero   RW          484    .bss.xNumOfOverflows  tasks.o
    0x200041f0        -       0x00000004   Zero   RW          233    .bss.xNumberOfSuccessfulAllocations  heap_4.o
    0x200041f4        -       0x00000004   Zero   RW          234    .bss.xNumberOfSuccessfulFrees  heap_4.o
    0x200041f8        -       0x00000004   Zero   RW          483    .bss.xPendedTicks   tasks.o
    0x200041fc        -       0x00000014   Zero   RW          479    .bss.xPendingReadyList  tasks.o
    0x20004210        -       0x00000004   Zero   RW          472    .bss.xSchedulerRunning  tasks.o
    0x20004214        -       0x00000008   Zero   RW          231    .bss.xStart         heap_4.o
    0x2000421c        -       0x00000014   Zero   RW          477    .bss.xSuspendedTaskList  tasks.o
    0x20004230        -       0x00000014   Zero   RW          469    .bss.xTasksWaitingTermination  tasks.o
    0x20004244        -       0x00000004   Zero   RW          474    .bss.xTickCount     tasks.o
    0x20004248        -       0x00000004   Zero   RW          478    .bss.xYieldPending  tasks.o
    0x2000424c   0x000054d8   0x00000004   PAD
    0x20004250        -       0x00000000   Zero   RW          129    HEAP                startup_tm4c123.o
    0x20004250        -       0x00000200   Zero   RW          128    STACK               startup_tm4c123.o


==============================================================================

Image component sizes


      Code (inc. data)   RO Data    RW Data    ZI Data      Debug   Object Name

      2072          0          0          0          0       3565   boardporting.o
      1318         18          0          0          0       1914   dio.o
      1014          0          0          0      16412       4705   heap_4.o
       238          0          0          0          0       2336   list.o
      2780          0         27          0         50       3263   main.o
       504          0          0          0          0       1509   motordriver.o
      1762         16          0          4         17       5005   port.o
      3968          0          0          0          0      16703   queue.o
       276         24        620          0        512       5488   startup_tm4c123.o
       444          0          0          0          0        922   states.o
       268          0          0          4          0       6750   system_tm4c123.o
      5568          0          9          0        380      26981   tasks.o

    ----------------------------------------------------------------------
     20314         70        688          8      17384      79141   Object Totals
         0          0         32          0          0          0   (incl. Generated)
       102         12          0          0         13          0   (incl. Padding)

    ----------------------------------------------------------------------

      Code (inc. data)   RO Data    RW Data    ZI Data      Debug   Library Member Name

         8          0          0          0          0         68   __main.o
         0          0          0          0          0          0   __rtentry.o
        12          0          0          0          0          0   __rtentry2.o
         6          0          0          0          0          0   __rtentry4.o
        52          8          0          0          0          0   __scatter.o
        26          0          0          0          0          0   __scatter_copy.o
        28          0          0          0          0          0   __scatter_zi.o
        16          0          0          0          0         68   aeabi_memset4.o
        18          0          0          0          0         80   exit.o
         6          0          0          0          0        152   heapauxi.o
         0          0          0          0          0          0   indicate_semi.o
         2          0          0          0          0          0   libinit.o
         6          0          0          0          0          0   libinit2.o
         2          0          0          0          0          0   libshutdown.o
         2          0          0          0          0          0   libshutdown2.o
         8          4          0          0         96         68   libspace.o
        68          0          0          0          0         68   rt_memclr.o
        78          0          0          0          0         80   rt_memclr_w.o
       138          0          0          0          0         68   rt_memcpy_v6.o
       100          0          0          0          0         80   rt_memcpy_w.o
         2          0          0          0          0          0   rtexit.o
        10          0          0          0          0          0   rtexit2.o
        12          4          0          0          0         68   sys_exit.o
        74          0          0          0          0         80   sys_stackheap_outer.o
         2          0          0          0          0         68   use_no_semi.o
        26          0          0          0          0        116   fpinit.o

    ----------------------------------------------------------------------
       710         16          0          0         96       1064   Library Totals
         8          0          0          0          0          0   (incl. Padding)

    ----------------------------------------------------------------------

      Code (inc. data)   RO Data    RW Data    ZI Data      Debug   Library Name

       676         16          0          0         96        948   c_w.l
        26          0          0          0          0        116   fz_wm.l

    ----------------------------------------------------------------------
       710         16          0          0         96       1064   Library Totals

    ----------------------------------------------------------------------

==============================================================================


      Code (inc. data)   RO Data    RW Data    ZI Data      Debug   

     21024         86        688          8      17480      79589   Grand Totals
     21024         86        688          8      17480      79589   ELF Image Totals
     21024         86        688          8          0          0   ROM Totals

==============================================================================

    Total RO  Size (Code + RO Data)                21712 (  21.20kB)
    Total RW  Size (RW Data + ZI Data)             17488 (  17.08kB)
    Total ROM Size (Code + RO Data + RW Data)      21720 (  21.21kB)

==============================================================================

